[2023-05-04T12:38:41.528+0200][gc,init] CardTable entry size: 512
[2023-05-04T12:38:41.528+0200][gc     ] Using G1
[2023-05-04T12:38:41.530+0200][gc,init] Version: 20+36-2344 (release)
[2023-05-04T12:38:41.530+0200][gc,init] CPUs: 8 total, 8 available
[2023-05-04T12:38:41.530+0200][gc,init] Memory: 8192M
[2023-05-04T12:38:41.530+0200][gc,init] Large Page Support: Disabled
[2023-05-04T12:38:41.530+0200][gc,init] NUMA Support: Disabled
[2023-05-04T12:38:41.530+0200][gc,init] Compressed Oops: Enabled (Zero based)
[2023-05-04T12:38:41.530+0200][gc,init] Heap Region Size: 1M
[2023-05-04T12:38:41.530+0200][gc,init] Heap Min Capacity: 1G
[2023-05-04T12:38:41.530+0200][gc,init] Heap Initial Capacity: 1G
[2023-05-04T12:38:41.530+0200][gc,init] Heap Max Capacity: 1G
[2023-05-04T12:38:41.530+0200][gc,init] Pre-touch: Disabled
[2023-05-04T12:38:41.530+0200][gc,init] Parallel Workers: 8
[2023-05-04T12:38:41.530+0200][gc,init] Concurrent Workers: 2
[2023-05-04T12:38:41.530+0200][gc,init] Concurrent Refinement Workers: 8
[2023-05-04T12:38:41.530+0200][gc,init] Periodic GC: Disabled
[2023-05-04T12:38:41.530+0200][gc,metaspace] CDS archive(s) mapped at: [0x0000000800000000-0x0000000800c6c000-0x0000000800c6c000), size 13025280, SharedBaseAddress: 0x0000000800000000, ArchiveRelocationMode: 0.
[2023-05-04T12:38:41.530+0200][gc,metaspace] Compressed class space mapped at: 0x0000000801000000-0x0000000841000000, reserved size: 1073741824
[2023-05-04T12:38:41.530+0200][gc,metaspace] Narrow klass base: 0x0000000800000000, Narrow klass shift: 0, Narrow klass range: 0x100000000
[2023-05-04T12:38:42.142+0200][gc,start    ] GC(0) Pause Young (Normal) (G1 Evacuation Pause)
[2023-05-04T12:38:42.142+0200][gc,task     ] GC(0) Using 8 workers of 8 for evacuation
[2023-05-04T12:38:42.144+0200][gc,phases   ] GC(0)   Pre Evacuate Collection Set: 0.1ms
[2023-05-04T12:38:42.144+0200][gc,phases   ] GC(0)   Merge Heap Roots: 0.0ms
[2023-05-04T12:38:42.144+0200][gc,phases   ] GC(0)   Evacuate Collection Set: 1.9ms
[2023-05-04T12:38:42.144+0200][gc,phases   ] GC(0)   Post Evacuate Collection Set: 0.2ms
[2023-05-04T12:38:42.144+0200][gc,phases   ] GC(0)   Other: 0.2ms
[2023-05-04T12:38:42.144+0200][gc,heap     ] GC(0) Eden regions: 51->0(44)
[2023-05-04T12:38:42.144+0200][gc,heap     ] GC(0) Survivor regions: 0->7(7)
[2023-05-04T12:38:42.144+0200][gc,heap     ] GC(0) Old regions: 0->1
[2023-05-04T12:38:42.144+0200][gc,heap     ] GC(0) Archive regions: 2->2
[2023-05-04T12:38:42.144+0200][gc,heap     ] GC(0) Humongous regions: 0->0
[2023-05-04T12:38:42.144+0200][gc,metaspace] GC(0) Metaspace: 18208K(18432K)->18208K(18432K) NonClass: 16125K(16256K)->16125K(16256K) Class: 2083K(2176K)->2083K(2176K)
[2023-05-04T12:38:42.144+0200][gc          ] GC(0) Pause Young (Normal) (G1 Evacuation Pause) 51M->8M(1024M) 2.676ms
[2023-05-04T12:38:42.144+0200][gc,cpu      ] GC(0) User=0.01s Sys=0.00s Real=0.00s
[2023-05-04T12:38:42.241+0200][gc,start    ] GC(1) Pause Young (Concurrent Start) (Metadata GC Threshold)
[2023-05-04T12:38:42.241+0200][gc,task     ] GC(1) Using 8 workers of 8 for evacuation
[2023-05-04T12:38:42.244+0200][gc,phases   ] GC(1)   Pre Evacuate Collection Set: 0.1ms
[2023-05-04T12:38:42.244+0200][gc,phases   ] GC(1)   Merge Heap Roots: 0.0ms
[2023-05-04T12:38:42.244+0200][gc,phases   ] GC(1)   Evacuate Collection Set: 2.4ms
[2023-05-04T12:38:42.244+0200][gc,phases   ] GC(1)   Post Evacuate Collection Set: 0.2ms
[2023-05-04T12:38:42.244+0200][gc,phases   ] GC(1)   Other: 0.0ms
[2023-05-04T12:38:42.244+0200][gc,heap     ] GC(1) Eden regions: 13->0(49)
[2023-05-04T12:38:42.244+0200][gc,heap     ] GC(1) Survivor regions: 7->2(7)
[2023-05-04T12:38:42.244+0200][gc,heap     ] GC(1) Old regions: 1->8
[2023-05-04T12:38:42.244+0200][gc,heap     ] GC(1) Archive regions: 2->2
[2023-05-04T12:38:42.244+0200][gc,heap     ] GC(1) Humongous regions: 0->0
[2023-05-04T12:38:42.244+0200][gc,metaspace] GC(1) Metaspace: 21322K(21504K)->21322K(21504K) NonClass: 18843K(18944K)->18843K(18944K) Class: 2479K(2560K)->2479K(2560K)
[2023-05-04T12:38:42.244+0200][gc          ] GC(1) Pause Young (Concurrent Start) (Metadata GC Threshold) 20M->9M(1024M) 2.908ms
[2023-05-04T12:38:42.244+0200][gc          ] GC(2) Concurrent Mark Cycle
[2023-05-04T12:38:42.244+0200][gc,cpu      ] GC(1) User=0.02s Sys=0.01s Real=0.00s
[2023-05-04T12:38:42.244+0200][gc,marking  ] GC(2) Concurrent Scan Root Regions
[2023-05-04T12:38:42.245+0200][gc,marking  ] GC(2) Concurrent Scan Root Regions 1.265ms
[2023-05-04T12:38:42.245+0200][gc,marking  ] GC(2) Concurrent Mark
[2023-05-04T12:38:42.245+0200][gc,marking  ] GC(2) Concurrent Mark From Roots
[2023-05-04T12:38:42.245+0200][gc,task     ] GC(2) Using 2 workers of 2 for marking
[2023-05-04T12:38:42.246+0200][gc,marking  ] GC(2) Concurrent Mark From Roots 0.364ms
[2023-05-04T12:38:42.246+0200][gc,marking  ] GC(2) Concurrent Preclean
[2023-05-04T12:38:42.246+0200][gc,marking  ] GC(2) Concurrent Preclean 0.006ms
[2023-05-04T12:38:42.246+0200][gc,start    ] GC(2) Pause Remark
[2023-05-04T12:38:42.247+0200][gc          ] GC(2) Pause Remark 9M->9M(1024M) 0.854ms
[2023-05-04T12:38:42.247+0200][gc,cpu      ] GC(2) User=0.01s Sys=0.00s Real=0.00s
[2023-05-04T12:38:42.247+0200][gc,marking  ] GC(2) Concurrent Mark 1.340ms
[2023-05-04T12:38:42.247+0200][gc,marking  ] GC(2) Concurrent Rebuild Remembered Sets and Scrub Regions
[2023-05-04T12:38:42.248+0200][gc,marking  ] GC(2) Concurrent Rebuild Remembered Sets and Scrub Regions 1.082ms
[2023-05-04T12:38:42.248+0200][gc,start    ] GC(2) Pause Cleanup
[2023-05-04T12:38:42.248+0200][gc          ] GC(2) Pause Cleanup 9M->9M(1024M) 0.056ms
[2023-05-04T12:38:42.248+0200][gc,cpu      ] GC(2) User=0.00s Sys=0.00s Real=0.00s
[2023-05-04T12:38:42.248+0200][gc,marking  ] GC(2) Concurrent Clear Claimed Marks
[2023-05-04T12:38:42.248+0200][gc,marking  ] GC(2) Concurrent Clear Claimed Marks 0.016ms
[2023-05-04T12:38:42.248+0200][gc,marking  ] GC(2) Concurrent Cleanup for Next Mark
[2023-05-04T12:38:42.249+0200][gc,marking  ] GC(2) Concurrent Cleanup for Next Mark 1.205ms
[2023-05-04T12:38:42.249+0200][gc          ] GC(2) Concurrent Mark Cycle 5.128ms
[2023-05-04T12:38:42.920+0200][gc,start    ] GC(3) Pause Young (Normal) (G1 Evacuation Pause)
[2023-05-04T12:38:42.920+0200][gc,task     ] GC(3) Using 8 workers of 8 for evacuation
[2023-05-04T12:38:42.922+0200][gc,phases   ] GC(3)   Pre Evacuate Collection Set: 0.1ms
[2023-05-04T12:38:42.922+0200][gc,phases   ] GC(3)   Merge Heap Roots: 0.0ms
[2023-05-04T12:38:42.922+0200][gc,phases   ] GC(3)   Evacuate Collection Set: 1.7ms
[2023-05-04T12:38:42.922+0200][gc,phases   ] GC(3)   Post Evacuate Collection Set: 0.2ms
[2023-05-04T12:38:42.922+0200][gc,phases   ] GC(3)   Other: 0.0ms
[2023-05-04T12:38:42.922+0200][gc,heap     ] GC(3) Eden regions: 49->0(45)
[2023-05-04T12:38:42.922+0200][gc,heap     ] GC(3) Survivor regions: 2->6(7)
[2023-05-04T12:38:42.922+0200][gc,heap     ] GC(3) Old regions: 8->8
[2023-05-04T12:38:42.922+0200][gc,heap     ] GC(3) Archive regions: 2->2
[2023-05-04T12:38:42.922+0200][gc,heap     ] GC(3) Humongous regions: 129->129
[2023-05-04T12:38:42.922+0200][gc,metaspace] GC(3) Metaspace: 30710K(30976K)->30710K(30976K) NonClass: 27318K(27456K)->27318K(27456K) Class: 3392K(3520K)->3392K(3520K)
[2023-05-04T12:38:42.922+0200][gc          ] GC(3) Pause Young (Normal) (G1 Evacuation Pause) 187M->142M(1024M) 2.184ms
[2023-05-04T12:38:42.922+0200][gc,cpu      ] GC(3) User=0.01s Sys=0.00s Real=0.00s
[2023-05-04T12:38:43.040+0200][gc,start    ] GC(4) Pause Young (Concurrent Start) (Metadata GC Threshold)
[2023-05-04T12:38:43.040+0200][gc,task     ] GC(4) Using 8 workers of 8 for evacuation
[2023-05-04T12:38:43.043+0200][gc,phases   ] GC(4)   Pre Evacuate Collection Set: 0.1ms
[2023-05-04T12:38:43.043+0200][gc,phases   ] GC(4)   Merge Heap Roots: 0.1ms
[2023-05-04T12:38:43.043+0200][gc,phases   ] GC(4)   Evacuate Collection Set: 2.1ms
[2023-05-04T12:38:43.043+0200][gc,phases   ] GC(4)   Post Evacuate Collection Set: 0.4ms
[2023-05-04T12:38:43.043+0200][gc,phases   ] GC(4)   Other: 0.1ms
[2023-05-04T12:38:43.043+0200][gc,heap     ] GC(4) Eden regions: 20->0(48)
[2023-05-04T12:38:43.043+0200][gc,heap     ] GC(4) Survivor regions: 6->3(7)
[2023-05-04T12:38:43.043+0200][gc,heap     ] GC(4) Old regions: 8->13
[2023-05-04T12:38:43.043+0200][gc,heap     ] GC(4) Archive regions: 2->2
[2023-05-04T12:38:43.043+0200][gc,heap     ] GC(4) Humongous regions: 129->129
[2023-05-04T12:38:43.043+0200][gc,metaspace] GC(4) Metaspace: 35638K(35968K)->35638K(35968K) NonClass: 31780K(32000K)->31780K(32000K) Class: 3858K(3968K)->3858K(3968K)
[2023-05-04T12:38:43.043+0200][gc          ] GC(4) Pause Young (Concurrent Start) (Metadata GC Threshold) 161M->144M(1024M) 2.841ms
[2023-05-04T12:38:43.043+0200][gc,cpu      ] GC(4) User=0.02s Sys=0.00s Real=0.00s
[2023-05-04T12:38:43.043+0200][gc          ] GC(5) Concurrent Mark Cycle
[2023-05-04T12:38:43.043+0200][gc,marking  ] GC(5) Concurrent Scan Root Regions
[2023-05-04T12:38:43.045+0200][gc,marking  ] GC(5) Concurrent Scan Root Regions 1.755ms
[2023-05-04T12:38:43.045+0200][gc,marking  ] GC(5) Concurrent Mark
[2023-05-04T12:38:43.045+0200][gc,marking  ] GC(5) Concurrent Mark From Roots
[2023-05-04T12:38:43.045+0200][gc,task     ] GC(5) Using 2 workers of 2 for marking
[2023-05-04T12:38:43.047+0200][gc,marking  ] GC(5) Concurrent Mark From Roots 2.549ms
[2023-05-04T12:38:43.047+0200][gc,marking  ] GC(5) Concurrent Preclean
[2023-05-04T12:38:43.047+0200][gc,marking  ] GC(5) Concurrent Preclean 0.025ms
[2023-05-04T12:38:43.048+0200][gc,start    ] GC(5) Pause Remark
[2023-05-04T12:38:43.049+0200][gc          ] GC(5) Pause Remark 145M->145M(1024M) 1.083ms
[2023-05-04T12:38:43.049+0200][gc,cpu      ] GC(5) User=0.01s Sys=0.00s Real=0.00s
[2023-05-04T12:38:43.049+0200][gc,marking  ] GC(5) Concurrent Mark 3.985ms
[2023-05-04T12:38:43.049+0200][gc,marking  ] GC(5) Concurrent Rebuild Remembered Sets and Scrub Regions
[2023-05-04T12:38:43.051+0200][gc,marking  ] GC(5) Concurrent Rebuild Remembered Sets and Scrub Regions 2.209ms
[2023-05-04T12:38:43.051+0200][gc,start    ] GC(5) Pause Cleanup
[2023-05-04T12:38:43.051+0200][gc          ] GC(5) Pause Cleanup 146M->146M(1024M) 0.072ms
[2023-05-04T12:38:43.051+0200][gc,cpu      ] GC(5) User=0.00s Sys=0.00s Real=0.00s
[2023-05-04T12:38:43.052+0200][gc,marking  ] GC(5) Concurrent Clear Claimed Marks
[2023-05-04T12:38:43.052+0200][gc,marking  ] GC(5) Concurrent Clear Claimed Marks 0.070ms
[2023-05-04T12:38:43.052+0200][gc,marking  ] GC(5) Concurrent Cleanup for Next Mark
[2023-05-04T12:38:43.053+0200][gc,marking  ] GC(5) Concurrent Cleanup for Next Mark 1.460ms
[2023-05-04T12:38:43.053+0200][gc          ] GC(5) Concurrent Mark Cycle 10.142ms
[2023-05-04T12:57:43.271+0200][gc,start    ] GC(6) Pause Young (Normal) (G1 Evacuation Pause)
[2023-05-04T12:57:43.271+0200][gc,task     ] GC(6) Using 8 workers of 8 for evacuation
[2023-05-04T12:57:43.295+0200][gc,mmu      ] GC(6) MMU target violated: 21.0ms (20.0ms/21.0ms)
[2023-05-04T12:57:43.295+0200][gc,phases   ] GC(6)   Pre Evacuate Collection Set: 0.9ms
[2023-05-04T12:57:43.295+0200][gc,phases   ] GC(6)   Merge Heap Roots: 0.2ms
[2023-05-04T12:57:43.295+0200][gc,phases   ] GC(6)   Evacuate Collection Set: 21.6ms
[2023-05-04T12:57:43.295+0200][gc,phases   ] GC(6)   Post Evacuate Collection Set: 0.8ms
[2023-05-04T12:57:43.295+0200][gc,phases   ] GC(6)   Other: 0.3ms
[2023-05-04T12:57:43.295+0200][gc,heap     ] GC(6) Eden regions: 48->0(47)
[2023-05-04T12:57:43.295+0200][gc,heap     ] GC(6) Survivor regions: 3->4(7)
[2023-05-04T12:57:43.295+0200][gc,heap     ] GC(6) Old regions: 13->13
[2023-05-04T12:57:43.295+0200][gc,heap     ] GC(6) Archive regions: 2->2
[2023-05-04T12:57:43.295+0200][gc,heap     ] GC(6) Humongous regions: 171->129
[2023-05-04T12:57:43.295+0200][gc,metaspace] GC(6) Metaspace: 39341K(39872K)->39341K(39872K) NonClass: 34896K(35200K)->34896K(35200K) Class: 4445K(4672K)->4445K(4672K)
[2023-05-04T12:57:43.295+0200][gc          ] GC(6) Pause Young (Normal) (G1 Evacuation Pause) 234M->145M(1024M) 24.254ms
[2023-05-04T12:57:43.295+0200][gc,cpu      ] GC(6) User=0.02s Sys=0.08s Real=0.02s
[2023-05-04T15:03:45.860+0200][gc,start    ] GC(7) Pause Young (Normal) (G1 Evacuation Pause)
[2023-05-04T15:03:45.861+0200][gc,task     ] GC(7) Using 8 workers of 8 for evacuation
[2023-05-04T15:03:45.869+0200][gc,phases   ] GC(7)   Pre Evacuate Collection Set: 0.7ms
[2023-05-04T15:03:45.869+0200][gc,phases   ] GC(7)   Merge Heap Roots: 0.2ms
[2023-05-04T15:03:45.869+0200][gc,phases   ] GC(7)   Evacuate Collection Set: 7.1ms
[2023-05-04T15:03:45.869+0200][gc,phases   ] GC(7)   Post Evacuate Collection Set: 0.4ms
[2023-05-04T15:03:45.870+0200][gc,phases   ] GC(7)   Other: 0.3ms
[2023-05-04T15:03:45.870+0200][gc,heap     ] GC(7) Eden regions: 47->0(47)
[2023-05-04T15:03:45.870+0200][gc,heap     ] GC(7) Survivor regions: 4->4(7)
[2023-05-04T15:03:45.870+0200][gc,heap     ] GC(7) Old regions: 13->13
[2023-05-04T15:03:45.870+0200][gc,heap     ] GC(7) Archive regions: 2->2
[2023-05-04T15:03:45.870+0200][gc,heap     ] GC(7) Humongous regions: 129->129
[2023-05-04T15:03:45.870+0200][gc,metaspace] GC(7) Metaspace: 39510K(40000K)->39510K(40000K) NonClass: 35065K(35328K)->35065K(35328K) Class: 4445K(4672K)->4445K(4672K)
[2023-05-04T15:03:45.870+0200][gc          ] GC(7) Pause Young (Normal) (G1 Evacuation Pause) 192M->145M(1024M) 11.395ms
[2023-05-04T15:03:45.870+0200][gc,cpu      ] GC(7) User=0.02s Sys=0.03s Real=0.02s
[2023-05-04T15:28:16.489+0200][gc,heap,exit] Heap
[2023-05-04T15:28:16.490+0200][gc,heap,exit]  garbage-first heap   total 1048576K, used 188781K [0x00000007c0000000, 0x0000000800000000)
[2023-05-04T15:28:16.490+0200][gc,heap,exit]   region size 1024K, 43 young (44032K), 4 survivors (4096K)
[2023-05-04T15:28:16.490+0200][gc,heap,exit]  Metaspace       used 40271K, committed 40832K, reserved 1114112K
[2023-05-04T15:28:16.490+0200][gc,heap,exit]   class space    used 4602K, committed 4864K, reserved 1048576K
