[2023-05-02T13:06:17.445+0200][gc,init] CardTable entry size: 512
[2023-05-02T13:06:17.445+0200][gc     ] Using G1
[2023-05-02T13:06:17.446+0200][gc,init] Version: 20+36-2344 (release)
[2023-05-02T13:06:17.446+0200][gc,init] CPUs: 8 total, 8 available
[2023-05-02T13:06:17.446+0200][gc,init] Memory: 8192M
[2023-05-02T13:06:17.446+0200][gc,init] Large Page Support: Disabled
[2023-05-02T13:06:17.446+0200][gc,init] NUMA Support: Disabled
[2023-05-02T13:06:17.446+0200][gc,init] Compressed Oops: Enabled (Zero based)
[2023-05-02T13:06:17.446+0200][gc,init] Heap Region Size: 1M
[2023-05-02T13:06:17.446+0200][gc,init] Heap Min Capacity: 1G
[2023-05-02T13:06:17.446+0200][gc,init] Heap Initial Capacity: 1G
[2023-05-02T13:06:17.446+0200][gc,init] Heap Max Capacity: 1G
[2023-05-02T13:06:17.446+0200][gc,init] Pre-touch: Disabled
[2023-05-02T13:06:17.446+0200][gc,init] Parallel Workers: 8
[2023-05-02T13:06:17.446+0200][gc,init] Concurrent Workers: 2
[2023-05-02T13:06:17.446+0200][gc,init] Concurrent Refinement Workers: 8
[2023-05-02T13:06:17.446+0200][gc,init] Periodic GC: Disabled
[2023-05-02T13:06:17.446+0200][gc,metaspace] CDS archive(s) mapped at: [0x0000000800000000-0x0000000800c6c000-0x0000000800c6c000), size 13025280, SharedBaseAddress: 0x0000000800000000, ArchiveRelocationMode: 0.
[2023-05-02T13:06:17.446+0200][gc,metaspace] Compressed class space mapped at: 0x0000000801000000-0x0000000841000000, reserved size: 1073741824
[2023-05-02T13:06:17.446+0200][gc,metaspace] Narrow klass base: 0x0000000800000000, Narrow klass shift: 0, Narrow klass range: 0x100000000
[2023-05-02T13:06:18.089+0200][gc,start    ] GC(0) Pause Young (Normal) (G1 Evacuation Pause)
[2023-05-02T13:06:18.089+0200][gc,task     ] GC(0) Using 8 workers of 8 for evacuation
[2023-05-02T13:06:18.092+0200][gc,phases   ] GC(0)   Pre Evacuate Collection Set: 0,2ms
[2023-05-02T13:06:18.092+0200][gc,phases   ] GC(0)   Merge Heap Roots: 0,0ms
[2023-05-02T13:06:18.092+0200][gc,phases   ] GC(0)   Evacuate Collection Set: 2,1ms
[2023-05-02T13:06:18.092+0200][gc,phases   ] GC(0)   Post Evacuate Collection Set: 0,2ms
[2023-05-02T13:06:18.092+0200][gc,phases   ] GC(0)   Other: 0,2ms
[2023-05-02T13:06:18.092+0200][gc,heap     ] GC(0) Eden regions: 51->0(44)
[2023-05-02T13:06:18.092+0200][gc,heap     ] GC(0) Survivor regions: 0->7(7)
[2023-05-02T13:06:18.092+0200][gc,heap     ] GC(0) Old regions: 0->1
[2023-05-02T13:06:18.092+0200][gc,heap     ] GC(0) Archive regions: 2->2
[2023-05-02T13:06:18.092+0200][gc,heap     ] GC(0) Humongous regions: 0->0
[2023-05-02T13:06:18.092+0200][gc,metaspace] GC(0) Metaspace: 18378K(18624K)->18378K(18624K) NonClass: 16273K(16384K)->16273K(16384K) Class: 2104K(2240K)->2104K(2240K)
[2023-05-02T13:06:18.092+0200][gc          ] GC(0) Pause Young (Normal) (G1 Evacuation Pause) 51M->8M(1024M) 2,844ms
[2023-05-02T13:06:18.092+0200][gc,cpu      ] GC(0) User=0,01s Sys=0,00s Real=0,01s
[2023-05-02T13:06:18.232+0200][gc,start    ] GC(1) Pause Young (Concurrent Start) (Metadata GC Threshold)
[2023-05-02T13:06:18.232+0200][gc,task     ] GC(1) Using 8 workers of 8 for evacuation
[2023-05-02T13:06:18.236+0200][gc,phases   ] GC(1)   Pre Evacuate Collection Set: 0,3ms
[2023-05-02T13:06:18.236+0200][gc,phases   ] GC(1)   Merge Heap Roots: 0,0ms
[2023-05-02T13:06:18.236+0200][gc,phases   ] GC(1)   Evacuate Collection Set: 2,7ms
[2023-05-02T13:06:18.236+0200][gc,phases   ] GC(1)   Post Evacuate Collection Set: 0,2ms
[2023-05-02T13:06:18.236+0200][gc,phases   ] GC(1)   Other: 0,0ms
[2023-05-02T13:06:18.236+0200][gc,heap     ] GC(1) Eden regions: 13->0(49)
[2023-05-02T13:06:18.236+0200][gc,heap     ] GC(1) Survivor regions: 7->2(7)
[2023-05-02T13:06:18.236+0200][gc,heap     ] GC(1) Old regions: 1->8
[2023-05-02T13:06:18.236+0200][gc,heap     ] GC(1) Archive regions: 2->2
[2023-05-02T13:06:18.236+0200][gc,heap     ] GC(1) Humongous regions: 129->129
[2023-05-02T13:06:18.236+0200][gc,metaspace] GC(1) Metaspace: 21307K(21504K)->21307K(21504K) NonClass: 18832K(18944K)->18832K(18944K) Class: 2474K(2560K)->2474K(2560K)
[2023-05-02T13:06:18.236+0200][gc          ] GC(1) Pause Young (Concurrent Start) (Metadata GC Threshold) 149M->138M(1024M) 3,389ms
[2023-05-02T13:06:18.236+0200][gc,cpu      ] GC(1) User=0,01s Sys=0,01s Real=0,00s
[2023-05-02T13:06:18.236+0200][gc          ] GC(2) Concurrent Mark Cycle
[2023-05-02T13:06:18.236+0200][gc,marking  ] GC(2) Concurrent Scan Root Regions
[2023-05-02T13:06:18.237+0200][gc,marking  ] GC(2) Concurrent Scan Root Regions 1,660ms
[2023-05-02T13:06:18.237+0200][gc,marking  ] GC(2) Concurrent Mark
[2023-05-02T13:06:18.237+0200][gc,marking  ] GC(2) Concurrent Mark From Roots
[2023-05-02T13:06:18.237+0200][gc,task     ] GC(2) Using 2 workers of 2 for marking
[2023-05-02T13:06:18.239+0200][gc,marking  ] GC(2) Concurrent Mark From Roots 1,173ms
[2023-05-02T13:06:18.239+0200][gc,marking  ] GC(2) Concurrent Preclean
[2023-05-02T13:06:18.239+0200][gc,marking  ] GC(2) Concurrent Preclean 0,006ms
[2023-05-02T13:06:18.239+0200][gc,start    ] GC(2) Pause Remark
[2023-05-02T13:06:18.240+0200][gc          ] GC(2) Pause Remark 139M->139M(1024M) 1,172ms
[2023-05-02T13:06:18.240+0200][gc,cpu      ] GC(2) User=0,00s Sys=0,00s Real=0,01s
[2023-05-02T13:06:18.240+0200][gc,marking  ] GC(2) Concurrent Mark 2,576ms
[2023-05-02T13:06:18.240+0200][gc,marking  ] GC(2) Concurrent Rebuild Remembered Sets and Scrub Regions
[2023-05-02T13:06:18.243+0200][gc,marking  ] GC(2) Concurrent Rebuild Remembered Sets and Scrub Regions 2,918ms
[2023-05-02T13:06:18.243+0200][gc,start    ] GC(2) Pause Cleanup
[2023-05-02T13:06:18.243+0200][gc          ] GC(2) Pause Cleanup 139M->139M(1024M) 0,060ms
[2023-05-02T13:06:18.243+0200][gc,cpu      ] GC(2) User=0,00s Sys=0,00s Real=0,00s
[2023-05-02T13:06:18.243+0200][gc,marking  ] GC(2) Concurrent Clear Claimed Marks
[2023-05-02T13:06:18.243+0200][gc,marking  ] GC(2) Concurrent Clear Claimed Marks 0,011ms
[2023-05-02T13:06:18.243+0200][gc,marking  ] GC(2) Concurrent Cleanup for Next Mark
[2023-05-02T13:06:18.245+0200][gc,marking  ] GC(2) Concurrent Cleanup for Next Mark 1,514ms
[2023-05-02T13:06:18.245+0200][gc          ] GC(2) Concurrent Mark Cycle 9,234ms
[2023-05-02T13:06:18.535+0200][gc,start    ] GC(3) Pause Young (Normal) (G1 Evacuation Pause)
[2023-05-02T13:06:18.535+0200][gc,task     ] GC(3) Using 8 workers of 8 for evacuation
[2023-05-02T13:06:18.538+0200][gc,phases   ] GC(3)   Pre Evacuate Collection Set: 0,1ms
[2023-05-02T13:06:18.538+0200][gc,phases   ] GC(3)   Merge Heap Roots: 0,0ms
[2023-05-02T13:06:18.538+0200][gc,phases   ] GC(3)   Evacuate Collection Set: 1,8ms
[2023-05-02T13:06:18.538+0200][gc,phases   ] GC(3)   Post Evacuate Collection Set: 0,2ms
[2023-05-02T13:06:18.538+0200][gc,phases   ] GC(3)   Other: 0,0ms
[2023-05-02T13:06:18.538+0200][gc,heap     ] GC(3) Eden regions: 49->0(45)
[2023-05-02T13:06:18.538+0200][gc,heap     ] GC(3) Survivor regions: 2->6(7)
[2023-05-02T13:06:18.538+0200][gc,heap     ] GC(3) Old regions: 8->8
[2023-05-02T13:06:18.538+0200][gc,heap     ] GC(3) Archive regions: 2->2
[2023-05-02T13:06:18.538+0200][gc,heap     ] GC(3) Humongous regions: 129->129
[2023-05-02T13:06:18.538+0200][gc,metaspace] GC(3) Metaspace: 33076K(33344K)->33076K(33344K) NonClass: 29491K(29632K)->29491K(29632K) Class: 3585K(3712K)->3585K(3712K)
[2023-05-02T13:06:18.538+0200][gc          ] GC(3) Pause Young (Normal) (G1 Evacuation Pause) 187M->143M(1024M) 2,227ms
[2023-05-02T13:06:18.538+0200][gc,cpu      ] GC(3) User=0,02s Sys=0,00s Real=0,00s
[2023-05-02T13:16:36.646+0200][gc,start    ] GC(4) Pause Young (Concurrent Start) (Metadata GC Threshold)
[2023-05-02T13:16:36.646+0200][gc,task     ] GC(4) Using 8 workers of 8 for evacuation
[2023-05-02T13:16:36.653+0200][gc,phases   ] GC(4)   Pre Evacuate Collection Set: 0,7ms
[2023-05-02T13:16:36.653+0200][gc,phases   ] GC(4)   Merge Heap Roots: 0,0ms
[2023-05-02T13:16:36.653+0200][gc,phases   ] GC(4)   Evacuate Collection Set: 6,2ms
[2023-05-02T13:16:36.653+0200][gc,phases   ] GC(4)   Post Evacuate Collection Set: 0,2ms
[2023-05-02T13:16:36.653+0200][gc,phases   ] GC(4)   Other: 0,0ms
[2023-05-02T13:16:36.653+0200][gc,heap     ] GC(4) Eden regions: 18->0(50)
[2023-05-02T13:16:36.653+0200][gc,heap     ] GC(4) Survivor regions: 6->1(7)
[2023-05-02T13:16:36.653+0200][gc,heap     ] GC(4) Old regions: 8->13
[2023-05-02T13:16:36.653+0200][gc,heap     ] GC(4) Archive regions: 2->2
[2023-05-02T13:16:36.653+0200][gc,heap     ] GC(4) Humongous regions: 129->129
[2023-05-02T13:16:36.653+0200][gc,metaspace] GC(4) Metaspace: 35867K(36160K)->35867K(36160K) NonClass: 31833K(32000K)->31833K(32000K) Class: 4033K(4160K)->4033K(4160K)
[2023-05-02T13:16:36.653+0200][gc          ] GC(4) Pause Young (Concurrent Start) (Metadata GC Threshold) 160M->143M(1024M) 7,770ms
[2023-05-02T13:16:36.653+0200][gc,cpu      ] GC(4) User=0,01s Sys=0,01s Real=0,01s
[2023-05-02T13:16:36.653+0200][gc          ] GC(5) Concurrent Mark Cycle
[2023-05-02T13:16:36.653+0200][gc,marking  ] GC(5) Concurrent Scan Root Regions
[2023-05-02T13:16:36.656+0200][gc,marking  ] GC(5) Concurrent Scan Root Regions 2,463ms
[2023-05-02T13:16:36.656+0200][gc,marking  ] GC(5) Concurrent Mark
[2023-05-02T13:16:36.656+0200][gc,marking  ] GC(5) Concurrent Mark From Roots
[2023-05-02T13:16:36.656+0200][gc,task     ] GC(5) Using 2 workers of 2 for marking
[2023-05-02T13:16:36.661+0200][gc,marking  ] GC(5) Concurrent Mark From Roots 4,844ms
[2023-05-02T13:16:36.661+0200][gc,marking  ] GC(5) Concurrent Preclean
[2023-05-02T13:16:36.661+0200][gc,marking  ] GC(5) Concurrent Preclean 0,034ms
[2023-05-02T13:16:36.661+0200][gc,start    ] GC(5) Pause Remark
[2023-05-02T13:16:36.663+0200][gc          ] GC(5) Pause Remark 145M->145M(1024M) 1,710ms
[2023-05-02T13:16:36.663+0200][gc,cpu      ] GC(5) User=0,00s Sys=0,00s Real=0,00s
[2023-05-02T13:16:36.663+0200][gc,marking  ] GC(5) Concurrent Mark 6,712ms
[2023-05-02T13:16:36.663+0200][gc,marking  ] GC(5) Concurrent Rebuild Remembered Sets and Scrub Regions
[2023-05-02T13:16:36.665+0200][gc,marking  ] GC(5) Concurrent Rebuild Remembered Sets and Scrub Regions 2,251ms
[2023-05-02T13:16:36.665+0200][gc,start    ] GC(5) Pause Cleanup
[2023-05-02T13:16:36.665+0200][gc          ] GC(5) Pause Cleanup 145M->145M(1024M) 0,255ms
[2023-05-02T13:16:36.665+0200][gc,cpu      ] GC(5) User=0,00s Sys=0,00s Real=0,00s
[2023-05-02T13:16:36.665+0200][gc,marking  ] GC(5) Concurrent Clear Claimed Marks
[2023-05-02T13:16:36.665+0200][gc,marking  ] GC(5) Concurrent Clear Claimed Marks 0,021ms
[2023-05-02T13:16:36.665+0200][gc,marking  ] GC(5) Concurrent Cleanup for Next Mark
[2023-05-02T13:16:36.673+0200][gc,marking  ] GC(5) Concurrent Cleanup for Next Mark 7,412ms
[2023-05-02T13:16:36.673+0200][gc          ] GC(5) Concurrent Mark Cycle 19,289ms
[2023-05-02T14:55:51.669+0200][gc,start    ] GC(6) Pause Young (Prepare Mixed) (G1 Evacuation Pause)
[2023-05-02T14:55:51.671+0200][gc,task     ] GC(6) Using 8 workers of 8 for evacuation
[2023-05-02T14:55:51.707+0200][gc,mmu      ] GC(6) MMU target violated: 21,0ms (20,0ms/21,0ms)
[2023-05-02T14:55:51.707+0200][gc,phases   ] GC(6)   Pre Evacuate Collection Set: 4,4ms
[2023-05-02T14:55:51.707+0200][gc,phases   ] GC(6)   Merge Heap Roots: 0,8ms
[2023-05-02T14:55:51.707+0200][gc,phases   ] GC(6)   Evacuate Collection Set: 25,6ms
[2023-05-02T14:55:51.707+0200][gc,phases   ] GC(6)   Post Evacuate Collection Set: 5,0ms
[2023-05-02T14:55:51.708+0200][gc,phases   ] GC(6)   Other: 0,8ms
[2023-05-02T14:55:51.708+0200][gc,heap     ] GC(6) Eden regions: 50->0(49)
[2023-05-02T14:55:51.708+0200][gc,heap     ] GC(6) Survivor regions: 1->2(7)
[2023-05-02T14:55:51.708+0200][gc,heap     ] GC(6) Old regions: 13->13
[2023-05-02T14:55:51.708+0200][gc,heap     ] GC(6) Archive regions: 2->2
[2023-05-02T14:55:51.708+0200][gc,heap     ] GC(6) Humongous regions: 129->129
[2023-05-02T14:55:51.708+0200][gc,metaspace] GC(6) Metaspace: 38635K(39168K)->38635K(39168K) NonClass: 34193K(34496K)->34193K(34496K) Class: 4442K(4672K)->4442K(4672K)
[2023-05-02T14:55:51.708+0200][gc          ] GC(6) Pause Young (Prepare Mixed) (G1 Evacuation Pause) 193M->144M(1024M) 40,525ms
[2023-05-02T14:55:51.708+0200][gc,cpu      ] GC(6) User=0,02s Sys=0,06s Real=0,04s
[2023-05-02T16:12:29.416+0200][gc,start    ] GC(7) Pause Young (Mixed) (G1 Evacuation Pause)
[2023-05-02T16:12:29.420+0200][gc,task     ] GC(7) Using 8 workers of 8 for evacuation
[2023-05-02T16:12:29.432+0200][gc,phases   ] GC(7)   Pre Evacuate Collection Set: 0,9ms
[2023-05-02T16:12:29.432+0200][gc,phases   ] GC(7)   Merge Heap Roots: 0,2ms
[2023-05-02T16:12:29.432+0200][gc,phases   ] GC(7)   Evacuate Collection Set: 6,9ms
[2023-05-02T16:12:29.432+0200][gc,phases   ] GC(7)   Post Evacuate Collection Set: 0,4ms
[2023-05-02T16:12:29.432+0200][gc,phases   ] GC(7)   Other: 3,2ms
[2023-05-02T16:12:29.432+0200][gc,heap     ] GC(7) Eden regions: 49->0(49)
[2023-05-02T16:12:29.432+0200][gc,heap     ] GC(7) Survivor regions: 2->2(7)
[2023-05-02T16:12:29.432+0200][gc,heap     ] GC(7) Old regions: 13->13
[2023-05-02T16:12:29.432+0200][gc,heap     ] GC(7) Archive regions: 2->2
[2023-05-02T16:12:29.432+0200][gc,heap     ] GC(7) Humongous regions: 129->129
[2023-05-02T16:12:29.432+0200][gc,metaspace] GC(7) Metaspace: 38885K(39360K)->38885K(39360K) NonClass: 34423K(34688K)->34423K(34688K) Class: 4462K(4672K)->4462K(4672K)
[2023-05-02T16:12:29.432+0200][gc          ] GC(7) Pause Young (Mixed) (G1 Evacuation Pause) 193M->144M(1024M) 16,048ms
[2023-05-02T16:12:29.432+0200][gc,cpu      ] GC(7) User=0,01s Sys=0,01s Real=0,02s
[2023-05-02T16:13:07.196+0200][gc,start    ] GC(8) Pause Young (Normal) (G1 Evacuation Pause)
[2023-05-02T16:13:07.196+0200][gc,task     ] GC(8) Using 8 workers of 8 for evacuation
[2023-05-02T16:13:07.271+0200][gc,mmu      ] GC(8) MMU target violated: 21,0ms (20,0ms/21,0ms)
[2023-05-02T16:13:07.271+0200][gc,phases   ] GC(8)   Pre Evacuate Collection Set: 0,8ms
[2023-05-02T16:13:07.271+0200][gc,phases   ] GC(8)   Merge Heap Roots: 0,1ms
[2023-05-02T16:13:07.271+0200][gc,phases   ] GC(8)   Evacuate Collection Set: 72,7ms
[2023-05-02T16:13:07.271+0200][gc,phases   ] GC(8)   Post Evacuate Collection Set: 0,5ms
[2023-05-02T16:13:07.271+0200][gc,phases   ] GC(8)   Other: 0,2ms
[2023-05-02T16:13:07.271+0200][gc,heap     ] GC(8) Eden regions: 49->0(45)
[2023-05-02T16:13:07.271+0200][gc,heap     ] GC(8) Survivor regions: 2->6(7)
[2023-05-02T16:13:07.271+0200][gc,heap     ] GC(8) Old regions: 13->13
[2023-05-02T16:13:07.271+0200][gc,heap     ] GC(8) Archive regions: 2->2
[2023-05-02T16:13:07.271+0200][gc,heap     ] GC(8) Humongous regions: 129->129
[2023-05-02T16:13:07.271+0200][gc,metaspace] GC(8) Metaspace: 43058K(43904K)->43058K(43904K) NonClass: 37923K(38400K)->37923K(38400K) Class: 5135K(5504K)->5135K(5504K)
[2023-05-02T16:13:07.271+0200][gc          ] GC(8) Pause Young (Normal) (G1 Evacuation Pause) 193M->148M(1024M) 75,102ms
[2023-05-02T16:13:07.271+0200][gc,cpu      ] GC(8) User=0,03s Sys=0,12s Real=0,08s
[2023-05-02T16:15:42.359+0200][gc,start    ] GC(9) Pause Young (Normal) (G1 Evacuation Pause)
[2023-05-02T16:15:42.359+0200][gc,task     ] GC(9) Using 8 workers of 8 for evacuation
[2023-05-02T16:15:42.375+0200][gc,phases   ] GC(9)   Pre Evacuate Collection Set: 0,6ms
[2023-05-02T16:15:42.375+0200][gc,phases   ] GC(9)   Merge Heap Roots: 0,1ms
[2023-05-02T16:15:42.375+0200][gc,phases   ] GC(9)   Evacuate Collection Set: 13,8ms
[2023-05-02T16:15:42.375+0200][gc,phases   ] GC(9)   Post Evacuate Collection Set: 1,0ms
[2023-05-02T16:15:42.375+0200][gc,phases   ] GC(9)   Other: 0,2ms
[2023-05-02T16:15:42.375+0200][gc,heap     ] GC(9) Eden regions: 45->0(49)
[2023-05-02T16:15:42.375+0200][gc,heap     ] GC(9) Survivor regions: 6->2(7)
[2023-05-02T16:15:42.375+0200][gc,heap     ] GC(9) Old regions: 13->17
[2023-05-02T16:15:42.375+0200][gc,heap     ] GC(9) Archive regions: 2->2
[2023-05-02T16:15:42.375+0200][gc,heap     ] GC(9) Humongous regions: 129->129
[2023-05-02T16:15:42.375+0200][gc,metaspace] GC(9) Metaspace: 43257K(44096K)->43257K(44096K) NonClass: 38106K(38592K)->38106K(38592K) Class: 5151K(5504K)->5151K(5504K)
[2023-05-02T16:15:42.376+0200][gc          ] GC(9) Pause Young (Normal) (G1 Evacuation Pause) 193M->148M(1024M) 16,615ms
[2023-05-02T16:15:42.376+0200][gc,cpu      ] GC(9) User=0,03s Sys=0,02s Real=0,02s
[2023-05-02T16:35:42.887+0200][gc,start    ] GC(10) Pause Young (Normal) (G1 Evacuation Pause)
[2023-05-02T16:35:42.889+0200][gc,task     ] GC(10) Using 8 workers of 8 for evacuation
[2023-05-02T16:35:42.930+0200][gc,mmu      ] GC(10) MMU target violated: 21,0ms (20,0ms/21,0ms)
[2023-05-02T16:35:42.930+0200][gc,phases   ] GC(10)   Pre Evacuate Collection Set: 2,7ms
[2023-05-02T16:35:42.930+0200][gc,phases   ] GC(10)   Merge Heap Roots: 0,6ms
[2023-05-02T16:35:42.930+0200][gc,phases   ] GC(10)   Evacuate Collection Set: 36,0ms
[2023-05-02T16:35:42.930+0200][gc,phases   ] GC(10)   Post Evacuate Collection Set: 1,0ms
[2023-05-02T16:35:42.930+0200][gc,phases   ] GC(10)   Other: 1,1ms
[2023-05-02T16:35:42.930+0200][gc,heap     ] GC(10) Eden regions: 49->0(46)
[2023-05-02T16:35:42.930+0200][gc,heap     ] GC(10) Survivor regions: 2->5(7)
[2023-05-02T16:35:42.930+0200][gc,heap     ] GC(10) Old regions: 17->17
[2023-05-02T16:35:42.930+0200][gc,heap     ] GC(10) Archive regions: 2->2
[2023-05-02T16:35:42.930+0200][gc,heap     ] GC(10) Humongous regions: 129->129
[2023-05-02T16:35:42.931+0200][gc,metaspace] GC(10) Metaspace: 43522K(44288K)->43522K(44288K) NonClass: 38299K(38720K)->38299K(38720K) Class: 5223K(5568K)->5223K(5568K)
[2023-05-02T16:35:42.931+0200][gc          ] GC(10) Pause Young (Normal) (G1 Evacuation Pause) 197M->151M(1024M) 43,985ms
[2023-05-02T16:35:42.931+0200][gc,cpu      ] GC(10) User=0,02s Sys=0,06s Real=0,05s
[2023-05-02T17:11:14.667+0200][gc,start    ] GC(11) Pause Young (Normal) (G1 Evacuation Pause)
[2023-05-02T17:11:14.668+0200][gc,task     ] GC(11) Using 8 workers of 8 for evacuation
[2023-05-02T17:11:14.683+0200][gc,phases   ] GC(11)   Pre Evacuate Collection Set: 1,5ms
[2023-05-02T17:11:14.684+0200][gc,phases   ] GC(11)   Merge Heap Roots: 0,2ms
[2023-05-02T17:11:14.684+0200][gc,phases   ] GC(11)   Evacuate Collection Set: 11,6ms
[2023-05-02T17:11:14.684+0200][gc,phases   ] GC(11)   Post Evacuate Collection Set: 0,6ms
[2023-05-02T17:11:14.684+0200][gc,phases   ] GC(11)   Other: 1,1ms
[2023-05-02T17:11:14.684+0200][gc,heap     ] GC(11) Eden regions: 46->0(47)
[2023-05-02T17:11:14.684+0200][gc,heap     ] GC(11) Survivor regions: 5->4(7)
[2023-05-02T17:11:14.684+0200][gc,heap     ] GC(11) Old regions: 17->19
[2023-05-02T17:11:14.684+0200][gc,heap     ] GC(11) Archive regions: 2->2
[2023-05-02T17:11:14.684+0200][gc,heap     ] GC(11) Humongous regions: 129->129
[2023-05-02T17:11:14.684+0200][gc,metaspace] GC(11) Metaspace: 43554K(44352K)->43554K(44352K) NonClass: 38330K(38784K)->38330K(38784K) Class: 5223K(5568K)->5223K(5568K)
[2023-05-02T17:11:14.684+0200][gc          ] GC(11) Pause Young (Normal) (G1 Evacuation Pause) 197M->151M(1024M) 18,377ms
[2023-05-02T17:11:14.684+0200][gc,cpu      ] GC(11) User=0,03s Sys=0,03s Real=0,02s
[2023-05-02T17:47:15.870+0200][gc,start    ] GC(12) Pause Young (Normal) (G1 Evacuation Pause)
[2023-05-02T17:47:15.872+0200][gc,task     ] GC(12) Using 8 workers of 8 for evacuation
[2023-05-02T17:47:15.883+0200][gc,phases   ] GC(12)   Pre Evacuate Collection Set: 2,5ms
[2023-05-02T17:47:15.883+0200][gc,phases   ] GC(12)   Merge Heap Roots: 0,5ms
[2023-05-02T17:47:15.883+0200][gc,phases   ] GC(12)   Evacuate Collection Set: 7,4ms
[2023-05-02T17:47:15.883+0200][gc,phases   ] GC(12)   Post Evacuate Collection Set: 0,6ms
[2023-05-02T17:47:15.883+0200][gc,phases   ] GC(12)   Other: 0,3ms
[2023-05-02T17:47:15.883+0200][gc,heap     ] GC(12) Eden regions: 47->0(47)
[2023-05-02T17:47:15.883+0200][gc,heap     ] GC(12) Survivor regions: 4->4(7)
[2023-05-02T17:47:15.883+0200][gc,heap     ] GC(12) Old regions: 19->19
[2023-05-02T17:47:15.883+0200][gc,heap     ] GC(12) Archive regions: 2->2
[2023-05-02T17:47:15.883+0200][gc,heap     ] GC(12) Humongous regions: 129->129
[2023-05-02T17:47:15.883+0200][gc,metaspace] GC(12) Metaspace: 43655K(44416K)->43655K(44416K) NonClass: 38414K(38848K)->38414K(38848K) Class: 5240K(5568K)->5240K(5568K)
[2023-05-02T17:47:15.883+0200][gc          ] GC(12) Pause Young (Normal) (G1 Evacuation Pause) 198M->151M(1024M) 12,961ms
[2023-05-02T17:47:15.883+0200][gc,cpu      ] GC(12) User=0,02s Sys=0,02s Real=0,01s
[2023-05-02T18:11:01.268+0200][gc,start    ] GC(13) Pause Young (Normal) (G1 Evacuation Pause)
[2023-05-02T18:11:01.268+0200][gc,task     ] GC(13) Using 8 workers of 8 for evacuation
[2023-05-02T18:11:01.287+0200][gc,phases   ] GC(13)   Pre Evacuate Collection Set: 1,7ms
[2023-05-02T18:11:01.287+0200][gc,phases   ] GC(13)   Merge Heap Roots: 0,3ms
[2023-05-02T18:11:01.287+0200][gc,phases   ] GC(13)   Evacuate Collection Set: 15,8ms
[2023-05-02T18:11:01.287+0200][gc,phases   ] GC(13)   Post Evacuate Collection Set: 0,6ms
[2023-05-02T18:11:01.288+0200][gc,phases   ] GC(13)   Other: 0,5ms
[2023-05-02T18:11:01.288+0200][gc,heap     ] GC(13) Eden regions: 47->0(45)
[2023-05-02T18:11:01.288+0200][gc,heap     ] GC(13) Survivor regions: 4->6(7)
[2023-05-02T18:11:01.288+0200][gc,heap     ] GC(13) Old regions: 19->19
[2023-05-02T18:11:01.288+0200][gc,heap     ] GC(13) Archive regions: 2->2
[2023-05-02T18:11:01.288+0200][gc,heap     ] GC(13) Humongous regions: 129->129
[2023-05-02T18:11:01.288+0200][gc,metaspace] GC(13) Metaspace: 44007K(44800K)->44007K(44800K) NonClass: 38712K(39168K)->38712K(39168K) Class: 5294K(5632K)->5294K(5632K)
[2023-05-02T18:11:01.288+0200][gc          ] GC(13) Pause Young (Normal) (G1 Evacuation Pause) 198M->153M(1024M) 21,120ms
[2023-05-02T18:11:01.288+0200][gc,cpu      ] GC(13) User=0,03s Sys=0,03s Real=0,02s
[2023-05-02T18:25:45.344+0200][gc,start    ] GC(14) Pause Young (Normal) (G1 Evacuation Pause)
[2023-05-02T18:25:45.345+0200][gc,task     ] GC(14) Using 8 workers of 8 for evacuation
[2023-05-02T18:25:45.386+0200][gc,mmu      ] GC(14) MMU target violated: 21,0ms (20,0ms/21,0ms)
[2023-05-02T18:25:45.387+0200][gc,phases   ] GC(14)   Pre Evacuate Collection Set: 1,4ms
[2023-05-02T18:25:45.387+0200][gc,phases   ] GC(14)   Merge Heap Roots: 0,3ms
[2023-05-02T18:25:45.387+0200][gc,phases   ] GC(14)   Evacuate Collection Set: 38,9ms
[2023-05-02T18:25:45.387+0200][gc,phases   ] GC(14)   Post Evacuate Collection Set: 0,6ms
[2023-05-02T18:25:45.387+0200][gc,phases   ] GC(14)   Other: 0,6ms
[2023-05-02T18:25:45.387+0200][gc,heap     ] GC(14) Eden regions: 45->0(46)
[2023-05-02T18:25:45.387+0200][gc,heap     ] GC(14) Survivor regions: 6->5(7)
[2023-05-02T18:25:45.387+0200][gc,heap     ] GC(14) Old regions: 19->21
[2023-05-02T18:25:45.387+0200][gc,heap     ] GC(14) Archive regions: 2->2
[2023-05-02T18:25:45.387+0200][gc,heap     ] GC(14) Humongous regions: 129->129
[2023-05-02T18:25:45.387+0200][gc,metaspace] GC(14) Metaspace: 44008K(44800K)->44008K(44800K) NonClass: 38714K(39168K)->38714K(39168K) Class: 5294K(5632K)->5294K(5632K)
[2023-05-02T18:25:45.387+0200][gc          ] GC(14) Pause Young (Normal) (G1 Evacuation Pause) 198M->154M(1024M) 43,292ms
[2023-05-02T18:25:45.387+0200][gc,cpu      ] GC(14) User=0,03s Sys=0,04s Real=0,04s
[2023-05-02T18:41:01.216+0200][gc,start    ] GC(15) Pause Young (Normal) (G1 Evacuation Pause)
[2023-05-02T18:41:01.218+0200][gc,task     ] GC(15) Using 8 workers of 8 for evacuation
[2023-05-02T18:41:01.244+0200][gc,mmu      ] GC(15) MMU target violated: 21,0ms (20,0ms/21,0ms)
[2023-05-02T18:41:01.244+0200][gc,phases   ] GC(15)   Pre Evacuate Collection Set: 1,7ms
[2023-05-02T18:41:01.244+0200][gc,phases   ] GC(15)   Merge Heap Roots: 0,4ms
[2023-05-02T18:41:01.244+0200][gc,phases   ] GC(15)   Evacuate Collection Set: 23,7ms
[2023-05-02T18:41:01.244+0200][gc,phases   ] GC(15)   Post Evacuate Collection Set: 0,5ms
[2023-05-02T18:41:01.244+0200][gc,phases   ] GC(15)   Other: 0,6ms
[2023-05-02T18:41:01.244+0200][gc,heap     ] GC(15) Eden regions: 46->0(48)
[2023-05-02T18:41:01.245+0200][gc,heap     ] GC(15) Survivor regions: 5->3(7)
[2023-05-02T18:41:01.245+0200][gc,heap     ] GC(15) Old regions: 21->22
[2023-05-02T18:41:01.245+0200][gc,heap     ] GC(15) Archive regions: 2->2
[2023-05-02T18:41:01.245+0200][gc,heap     ] GC(15) Humongous regions: 129->129
[2023-05-02T18:41:01.245+0200][gc,metaspace] GC(15) Metaspace: 44019K(44864K)->44019K(44864K) NonClass: 38725K(39232K)->38725K(39232K) Class: 5294K(5632K)->5294K(5632K)
[2023-05-02T18:41:01.245+0200][gc          ] GC(15) Pause Young (Normal) (G1 Evacuation Pause) 200M->154M(1024M) 28,614ms
[2023-05-02T18:41:01.245+0200][gc,cpu      ] GC(15) User=0,02s Sys=0,04s Real=0,03s
[2023-05-02T18:56:58.040+0200][gc,start    ] GC(16) Pause Young (Normal) (G1 Evacuation Pause)
[2023-05-02T18:56:58.042+0200][gc,task     ] GC(16) Using 8 workers of 8 for evacuation
[2023-05-02T18:56:58.060+0200][gc,phases   ] GC(16)   Pre Evacuate Collection Set: 1,9ms
[2023-05-02T18:56:58.060+0200][gc,phases   ] GC(16)   Merge Heap Roots: 0,3ms
[2023-05-02T18:56:58.060+0200][gc,phases   ] GC(16)   Evacuate Collection Set: 14,3ms
[2023-05-02T18:56:58.060+0200][gc,phases   ] GC(16)   Post Evacuate Collection Set: 0,6ms
[2023-05-02T18:56:58.060+0200][gc,phases   ] GC(16)   Other: 0,8ms
[2023-05-02T18:56:58.060+0200][gc,heap     ] GC(16) Eden regions: 48->0(48)
[2023-05-02T18:56:58.060+0200][gc,heap     ] GC(16) Survivor regions: 3->3(7)
[2023-05-02T18:56:58.060+0200][gc,heap     ] GC(16) Old regions: 22->22
[2023-05-02T18:56:58.060+0200][gc,heap     ] GC(16) Archive regions: 2->2
[2023-05-02T18:56:58.060+0200][gc,heap     ] GC(16) Humongous regions: 129->129
[2023-05-02T18:56:58.060+0200][gc,metaspace] GC(16) Metaspace: 44020K(44864K)->44020K(44864K) NonClass: 38725K(39232K)->38725K(39232K) Class: 5294K(5632K)->5294K(5632K)
[2023-05-02T18:56:58.060+0200][gc          ] GC(16) Pause Young (Normal) (G1 Evacuation Pause) 202M->154M(1024M) 19,803ms
[2023-05-02T18:56:58.060+0200][gc,cpu      ] GC(16) User=0,02s Sys=0,04s Real=0,02s
[2023-05-02T19:11:57.080+0200][gc,start    ] GC(17) Pause Young (Normal) (G1 Evacuation Pause)
[2023-05-02T19:11:57.081+0200][gc,task     ] GC(17) Using 8 workers of 8 for evacuation
[2023-05-02T19:11:57.100+0200][gc,phases   ] GC(17)   Pre Evacuate Collection Set: 1,3ms
[2023-05-02T19:11:57.100+0200][gc,phases   ] GC(17)   Merge Heap Roots: 0,3ms
[2023-05-02T19:11:57.100+0200][gc,phases   ] GC(17)   Evacuate Collection Set: 14,8ms
[2023-05-02T19:11:57.100+0200][gc,phases   ] GC(17)   Post Evacuate Collection Set: 2,2ms
[2023-05-02T19:11:57.100+0200][gc,phases   ] GC(17)   Other: 0,6ms
[2023-05-02T19:11:57.100+0200][gc,heap     ] GC(17) Eden regions: 48->0(47)
[2023-05-02T19:11:57.100+0200][gc,heap     ] GC(17) Survivor regions: 3->4(7)
[2023-05-02T19:11:57.100+0200][gc,heap     ] GC(17) Old regions: 22->22
[2023-05-02T19:11:57.100+0200][gc,heap     ] GC(17) Archive regions: 2->2
[2023-05-02T19:11:57.100+0200][gc,heap     ] GC(17) Humongous regions: 129->129
[2023-05-02T19:11:57.100+0200][gc,metaspace] GC(17) Metaspace: 44028K(44864K)->44028K(44864K) NonClass: 38734K(39232K)->38734K(39232K) Class: 5294K(5632K)->5294K(5632K)
[2023-05-02T19:11:57.100+0200][gc          ] GC(17) Pause Young (Normal) (G1 Evacuation Pause) 202M->155M(1024M) 20,950ms
[2023-05-02T19:11:57.101+0200][gc,cpu      ] GC(17) User=0,03s Sys=0,03s Real=0,02s
[2023-05-02T19:27:33.141+0200][gc,start    ] GC(18) Pause Young (Normal) (G1 Evacuation Pause)
[2023-05-02T19:27:33.142+0200][gc,task     ] GC(18) Using 8 workers of 8 for evacuation
[2023-05-02T19:27:33.154+0200][gc,phases   ] GC(18)   Pre Evacuate Collection Set: 1,4ms
[2023-05-02T19:27:33.154+0200][gc,phases   ] GC(18)   Merge Heap Roots: 0,2ms
[2023-05-02T19:27:33.154+0200][gc,phases   ] GC(18)   Evacuate Collection Set: 9,2ms
[2023-05-02T19:27:33.154+0200][gc,phases   ] GC(18)   Post Evacuate Collection Set: 0,9ms
[2023-05-02T19:27:33.154+0200][gc,phases   ] GC(18)   Other: 0,4ms
[2023-05-02T19:27:33.155+0200][gc,heap     ] GC(18) Eden regions: 47->0(48)
[2023-05-02T19:27:33.155+0200][gc,heap     ] GC(18) Survivor regions: 4->3(7)
[2023-05-02T19:27:33.155+0200][gc,heap     ] GC(18) Old regions: 22->22
[2023-05-02T19:27:33.155+0200][gc,heap     ] GC(18) Archive regions: 2->2
[2023-05-02T19:27:33.155+0200][gc,heap     ] GC(18) Humongous regions: 129->129
[2023-05-02T19:27:33.155+0200][gc,metaspace] GC(18) Metaspace: 44031K(44864K)->44031K(44864K) NonClass: 38737K(39232K)->38737K(39232K) Class: 5294K(5632K)->5294K(5632K)
[2023-05-02T19:27:33.155+0200][gc          ] GC(18) Pause Young (Normal) (G1 Evacuation Pause) 202M->154M(1024M) 14,077ms
[2023-05-02T19:27:33.155+0200][gc,cpu      ] GC(18) User=0,02s Sys=0,03s Real=0,01s
[2023-05-02T19:45:08.506+0200][gc,start    ] GC(19) Pause Young (Normal) (G1 Evacuation Pause)
[2023-05-02T19:45:08.507+0200][gc,task     ] GC(19) Using 8 workers of 8 for evacuation
[2023-05-02T19:45:08.522+0200][gc,phases   ] GC(19)   Pre Evacuate Collection Set: 1,5ms
[2023-05-02T19:45:08.522+0200][gc,phases   ] GC(19)   Merge Heap Roots: 0,4ms
[2023-05-02T19:45:08.522+0200][gc,phases   ] GC(19)   Evacuate Collection Set: 11,5ms
[2023-05-02T19:45:08.522+0200][gc,phases   ] GC(19)   Post Evacuate Collection Set: 0,8ms
[2023-05-02T19:45:08.522+0200][gc,phases   ] GC(19)   Other: 0,6ms
[2023-05-02T19:45:08.522+0200][gc,heap     ] GC(19) Eden regions: 53->0(47)
[2023-05-02T19:45:08.522+0200][gc,heap     ] GC(19) Survivor regions: 3->4(7)
[2023-05-02T19:45:08.522+0200][gc,heap     ] GC(19) Old regions: 22->22
[2023-05-02T19:45:08.522+0200][gc,heap     ] GC(19) Archive regions: 2->2
[2023-05-02T19:45:08.522+0200][gc,heap     ] GC(19) Humongous regions: 129->129
[2023-05-02T19:45:08.522+0200][gc,metaspace] GC(19) Metaspace: 44035K(44864K)->44035K(44864K) NonClass: 38740K(39232K)->38740K(39232K) Class: 5294K(5632K)->5294K(5632K)
[2023-05-02T19:45:08.522+0200][gc          ] GC(19) Pause Young (Normal) (G1 Evacuation Pause) 207M->154M(1024M) 16,618ms
[2023-05-02T19:45:08.522+0200][gc,cpu      ] GC(19) User=0,02s Sys=0,03s Real=0,02s
[2023-05-03T06:56:28.653+0200][gc,start    ] GC(20) Pause Young (Normal) (G1 Evacuation Pause)
[2023-05-03T06:56:28.656+0200][gc,task     ] GC(20) Using 8 workers of 8 for evacuation
[2023-05-03T06:56:28.669+0200][gc,phases   ] GC(20)   Pre Evacuate Collection Set: 4,7ms
[2023-05-03T06:56:28.669+0200][gc,phases   ] GC(20)   Merge Heap Roots: 0,3ms
[2023-05-03T06:56:28.669+0200][gc,phases   ] GC(20)   Evacuate Collection Set: 7,3ms
[2023-05-03T06:56:28.669+0200][gc,phases   ] GC(20)   Post Evacuate Collection Set: 0,4ms
[2023-05-03T06:56:28.670+0200][gc,phases   ] GC(20)   Other: 1,0ms
[2023-05-03T06:56:28.670+0200][gc,heap     ] GC(20) Eden regions: 47->0(164)
[2023-05-03T06:56:28.670+0200][gc,heap     ] GC(20) Survivor regions: 4->3(7)
[2023-05-03T06:56:28.670+0200][gc,heap     ] GC(20) Old regions: 22->22
[2023-05-03T06:56:28.670+0200][gc,heap     ] GC(20) Archive regions: 2->2
[2023-05-03T06:56:28.670+0200][gc,heap     ] GC(20) Humongous regions: 129->129
[2023-05-03T06:56:28.670+0200][gc,metaspace] GC(20) Metaspace: 44070K(44864K)->44070K(44864K) NonClass: 38776K(39232K)->38776K(39232K) Class: 5294K(5632K)->5294K(5632K)
[2023-05-03T06:56:28.670+0200][gc          ] GC(20) Pause Young (Normal) (G1 Evacuation Pause) 201M->154M(1024M) 102,122ms
[2023-05-03T06:56:28.670+0200][gc,cpu      ] GC(20) User=0,01s Sys=0,02s Real=0,11s
[2023-05-03T10:16:15.097+0200][gc,start    ] GC(21) Pause Young (Normal) (G1 Evacuation Pause)
[2023-05-03T10:16:15.100+0200][gc,task     ] GC(21) Using 8 workers of 8 for evacuation
[2023-05-03T10:16:15.141+0200][gc,mmu      ] GC(21) MMU target violated: 21,0ms (20,0ms/21,0ms)
[2023-05-03T10:16:15.141+0200][gc,phases   ] GC(21)   Pre Evacuate Collection Set: 5,1ms
[2023-05-03T10:16:15.141+0200][gc,phases   ] GC(21)   Merge Heap Roots: 0,5ms
[2023-05-03T10:16:15.141+0200][gc,phases   ] GC(21)   Evacuate Collection Set: 30,8ms
[2023-05-03T10:16:15.141+0200][gc,phases   ] GC(21)   Post Evacuate Collection Set: 1,6ms
[2023-05-03T10:16:15.141+0200][gc,phases   ] GC(21)   Other: 3,7ms
[2023-05-03T10:16:15.141+0200][gc,heap     ] GC(21) Eden regions: 183->0(47)
[2023-05-03T10:16:15.141+0200][gc,heap     ] GC(21) Survivor regions: 3->4(24)
[2023-05-03T10:16:15.141+0200][gc,heap     ] GC(21) Old regions: 22->22
[2023-05-03T10:16:15.141+0200][gc,heap     ] GC(21) Archive regions: 2->2
[2023-05-03T10:16:15.141+0200][gc,heap     ] GC(21) Humongous regions: 129->129
[2023-05-03T10:16:15.142+0200][gc,metaspace] GC(21) Metaspace: 44119K(44928K)->44119K(44928K) NonClass: 38825K(39296K)->38825K(39296K) Class: 5294K(5632K)->5294K(5632K)
[2023-05-03T10:16:15.142+0200][gc          ] GC(21) Pause Young (Normal) (G1 Evacuation Pause) 337M->154M(1024M) 46,401ms
[2023-05-03T10:16:15.142+0200][gc,cpu      ] GC(21) User=0,02s Sys=0,08s Real=0,05s
[2023-05-03T10:30:54.244+0200][gc,start    ] GC(22) Pause Young (Normal) (G1 Evacuation Pause)
[2023-05-03T10:30:54.246+0200][gc,task     ] GC(22) Using 8 workers of 8 for evacuation
[2023-05-03T10:30:54.264+0200][gc,phases   ] GC(22)   Pre Evacuate Collection Set: 2,1ms
[2023-05-03T10:30:54.264+0200][gc,phases   ] GC(22)   Merge Heap Roots: 0,6ms
[2023-05-03T10:30:54.264+0200][gc,phases   ] GC(22)   Evacuate Collection Set: 13,9ms
[2023-05-03T10:30:54.264+0200][gc,phases   ] GC(22)   Post Evacuate Collection Set: 1,3ms
[2023-05-03T10:30:54.264+0200][gc,phases   ] GC(22)   Other: 0,6ms
[2023-05-03T10:30:54.264+0200][gc,heap     ] GC(22) Eden regions: 47->0(46)
[2023-05-03T10:30:54.264+0200][gc,heap     ] GC(22) Survivor regions: 4->5(7)
[2023-05-03T10:30:54.264+0200][gc,heap     ] GC(22) Old regions: 22->22
[2023-05-03T10:30:54.264+0200][gc,heap     ] GC(22) Archive regions: 2->2
[2023-05-03T10:30:54.264+0200][gc,heap     ] GC(22) Humongous regions: 129->129
[2023-05-03T10:30:54.265+0200][gc,metaspace] GC(22) Metaspace: 44119K(44928K)->44119K(44928K) NonClass: 38825K(39296K)->38825K(39296K) Class: 5294K(5632K)->5294K(5632K)
[2023-05-03T10:30:54.265+0200][gc          ] GC(22) Pause Young (Normal) (G1 Evacuation Pause) 201M->155M(1024M) 21,991ms
[2023-05-03T10:30:54.265+0200][gc,cpu      ] GC(22) User=0,03s Sys=0,05s Real=0,02s
