[2023-05-08T18:01:30.674+0200][gc,init] CardTable entry size: 512
[2023-05-08T18:01:30.674+0200][gc     ] Using G1
[2023-05-08T18:01:30.675+0200][gc,init] Version: 20+36-2344 (release)
[2023-05-08T18:01:30.675+0200][gc,init] CPUs: 8 total, 8 available
[2023-05-08T18:01:30.675+0200][gc,init] Memory: 8192M
[2023-05-08T18:01:30.675+0200][gc,init] Large Page Support: Disabled
[2023-05-08T18:01:30.675+0200][gc,init] NUMA Support: Disabled
[2023-05-08T18:01:30.675+0200][gc,init] Compressed Oops: Enabled (Zero based)
[2023-05-08T18:01:30.675+0200][gc,init] Heap Region Size: 1M
[2023-05-08T18:01:30.675+0200][gc,init] Heap Min Capacity: 1G
[2023-05-08T18:01:30.675+0200][gc,init] Heap Initial Capacity: 1G
[2023-05-08T18:01:30.675+0200][gc,init] Heap Max Capacity: 1G
[2023-05-08T18:01:30.675+0200][gc,init] Pre-touch: Disabled
[2023-05-08T18:01:30.675+0200][gc,init] Parallel Workers: 8
[2023-05-08T18:01:30.675+0200][gc,init] Concurrent Workers: 2
[2023-05-08T18:01:30.675+0200][gc,init] Concurrent Refinement Workers: 8
[2023-05-08T18:01:30.675+0200][gc,init] Periodic GC: Disabled
[2023-05-08T18:01:30.675+0200][gc,metaspace] CDS archive(s) mapped at: [0x0000000800000000-0x0000000800c6c000-0x0000000800c6c000), size 13025280, SharedBaseAddress: 0x0000000800000000, ArchiveRelocationMode: 0.
[2023-05-08T18:01:30.675+0200][gc,metaspace] Compressed class space mapped at: 0x0000000801000000-0x0000000841000000, reserved size: 1073741824
[2023-05-08T18:01:30.675+0200][gc,metaspace] Narrow klass base: 0x0000000800000000, Narrow klass shift: 0, Narrow klass range: 0x100000000
[2023-05-08T18:01:31.262+0200][gc,start    ] GC(0) Pause Young (Normal) (G1 Evacuation Pause)
[2023-05-08T18:01:31.262+0200][gc,task     ] GC(0) Using 8 workers of 8 for evacuation
[2023-05-08T18:01:31.265+0200][gc,phases   ] GC(0)   Pre Evacuate Collection Set: 0.2ms
[2023-05-08T18:01:31.265+0200][gc,phases   ] GC(0)   Merge Heap Roots: 0.0ms
[2023-05-08T18:01:31.265+0200][gc,phases   ] GC(0)   Evacuate Collection Set: 2.4ms
[2023-05-08T18:01:31.265+0200][gc,phases   ] GC(0)   Post Evacuate Collection Set: 0.4ms
[2023-05-08T18:01:31.265+0200][gc,phases   ] GC(0)   Other: 0.2ms
[2023-05-08T18:01:31.265+0200][gc,heap     ] GC(0) Eden regions: 51->0(44)
[2023-05-08T18:01:31.265+0200][gc,heap     ] GC(0) Survivor regions: 0->7(7)
[2023-05-08T18:01:31.265+0200][gc,heap     ] GC(0) Old regions: 0->1
[2023-05-08T18:01:31.265+0200][gc,heap     ] GC(0) Archive regions: 2->2
[2023-05-08T18:01:31.265+0200][gc,heap     ] GC(0) Humongous regions: 0->0
[2023-05-08T18:01:31.265+0200][gc,metaspace] GC(0) Metaspace: 18204K(18432K)->18204K(18432K) NonClass: 16123K(16256K)->16123K(16256K) Class: 2081K(2176K)->2081K(2176K)
[2023-05-08T18:01:31.265+0200][gc          ] GC(0) Pause Young (Normal) (G1 Evacuation Pause) 51M->8M(1024M) 3.344ms
[2023-05-08T18:01:31.265+0200][gc,cpu      ] GC(0) User=0.01s Sys=0.01s Real=0.00s
[2023-05-08T18:01:31.405+0200][gc,start    ] GC(1) Pause Young (Concurrent Start) (Metadata GC Threshold)
[2023-05-08T18:01:31.406+0200][gc,task     ] GC(1) Using 8 workers of 8 for evacuation
[2023-05-08T18:01:31.411+0200][gc,phases   ] GC(1)   Pre Evacuate Collection Set: 0.5ms
[2023-05-08T18:01:31.411+0200][gc,phases   ] GC(1)   Merge Heap Roots: 0.0ms
[2023-05-08T18:01:31.411+0200][gc,phases   ] GC(1)   Evacuate Collection Set: 2.8ms
[2023-05-08T18:01:31.411+0200][gc,phases   ] GC(1)   Post Evacuate Collection Set: 1.4ms
[2023-05-08T18:01:31.411+0200][gc,phases   ] GC(1)   Other: 0.0ms
[2023-05-08T18:01:31.411+0200][gc,heap     ] GC(1) Eden regions: 14->0(49)
[2023-05-08T18:01:31.411+0200][gc,heap     ] GC(1) Survivor regions: 7->2(7)
[2023-05-08T18:01:31.411+0200][gc,heap     ] GC(1) Old regions: 1->8
[2023-05-08T18:01:31.411+0200][gc,heap     ] GC(1) Archive regions: 2->2
[2023-05-08T18:01:31.411+0200][gc,heap     ] GC(1) Humongous regions: 129->129
[2023-05-08T18:01:31.411+0200][gc,metaspace] GC(1) Metaspace: 21307K(21504K)->21307K(21504K) NonClass: 18836K(18944K)->18836K(18944K) Class: 2471K(2560K)->2471K(2560K)
[2023-05-08T18:01:31.411+0200][gc          ] GC(1) Pause Young (Concurrent Start) (Metadata GC Threshold) 150M->138M(1024M) 5.549ms
[2023-05-08T18:01:31.411+0200][gc,cpu      ] GC(1) User=0.01s Sys=0.00s Real=0.01s
[2023-05-08T18:01:31.411+0200][gc          ] GC(2) Concurrent Mark Cycle
[2023-05-08T18:01:31.411+0200][gc,marking  ] GC(2) Concurrent Scan Root Regions
[2023-05-08T18:01:31.412+0200][gc,marking  ] GC(2) Concurrent Scan Root Regions 1.414ms
[2023-05-08T18:01:31.412+0200][gc,marking  ] GC(2) Concurrent Mark
[2023-05-08T18:01:31.412+0200][gc,marking  ] GC(2) Concurrent Mark From Roots
[2023-05-08T18:01:31.412+0200][gc,task     ] GC(2) Using 2 workers of 2 for marking
[2023-05-08T18:01:31.413+0200][gc,marking  ] GC(2) Concurrent Mark From Roots 0.895ms
[2023-05-08T18:01:31.413+0200][gc,marking  ] GC(2) Concurrent Preclean
[2023-05-08T18:01:31.413+0200][gc,marking  ] GC(2) Concurrent Preclean 0.007ms
[2023-05-08T18:01:31.413+0200][gc,start    ] GC(2) Pause Remark
[2023-05-08T18:01:31.414+0200][gc          ] GC(2) Pause Remark 140M->140M(1024M) 1.085ms
[2023-05-08T18:01:31.414+0200][gc,cpu      ] GC(2) User=0.00s Sys=0.00s Real=0.00s
[2023-05-08T18:01:31.415+0200][gc,marking  ] GC(2) Concurrent Mark 2.121ms
[2023-05-08T18:01:31.415+0200][gc,marking  ] GC(2) Concurrent Rebuild Remembered Sets and Scrub Regions
[2023-05-08T18:01:31.416+0200][gc,marking  ] GC(2) Concurrent Rebuild Remembered Sets and Scrub Regions 1.187ms
[2023-05-08T18:01:31.416+0200][gc,start    ] GC(2) Pause Cleanup
[2023-05-08T18:01:31.416+0200][gc          ] GC(2) Pause Cleanup 140M->140M(1024M) 0.048ms
[2023-05-08T18:01:31.416+0200][gc,cpu      ] GC(2) User=0.00s Sys=0.00s Real=0.00s
[2023-05-08T18:01:31.416+0200][gc,marking  ] GC(2) Concurrent Clear Claimed Marks
[2023-05-08T18:01:31.416+0200][gc,marking  ] GC(2) Concurrent Clear Claimed Marks 0.012ms
[2023-05-08T18:01:31.416+0200][gc,marking  ] GC(2) Concurrent Cleanup for Next Mark
[2023-05-08T18:01:31.417+0200][gc,marking  ] GC(2) Concurrent Cleanup for Next Mark 1.242ms
[2023-05-08T18:01:31.417+0200][gc          ] GC(2) Concurrent Mark Cycle 6.198ms
[2023-05-08T18:01:31.725+0200][gc,start    ] GC(3) Pause Young (Normal) (GCLocker Initiated GC)
[2023-05-08T18:01:31.726+0200][gc,task     ] GC(3) Using 8 workers of 8 for evacuation
[2023-05-08T18:01:31.728+0200][gc,phases   ] GC(3)   Pre Evacuate Collection Set: 0.1ms
[2023-05-08T18:01:31.728+0200][gc,phases   ] GC(3)   Merge Heap Roots: 0.1ms
[2023-05-08T18:01:31.728+0200][gc,phases   ] GC(3)   Evacuate Collection Set: 1.9ms
[2023-05-08T18:01:31.728+0200][gc,phases   ] GC(3)   Post Evacuate Collection Set: 0.3ms
[2023-05-08T18:01:31.728+0200][gc,phases   ] GC(3)   Other: 0.0ms
[2023-05-08T18:01:31.728+0200][gc,heap     ] GC(3) Eden regions: 49->0(45)
[2023-05-08T18:01:31.728+0200][gc,heap     ] GC(3) Survivor regions: 2->6(7)
[2023-05-08T18:01:31.728+0200][gc,heap     ] GC(3) Old regions: 8->8
[2023-05-08T18:01:31.728+0200][gc,heap     ] GC(3) Archive regions: 2->2
[2023-05-08T18:01:31.728+0200][gc,heap     ] GC(3) Humongous regions: 129->129
[2023-05-08T18:01:31.728+0200][gc,metaspace] GC(3) Metaspace: 33057K(33408K)->33057K(33408K) NonClass: 29490K(29696K)->29490K(29696K) Class: 3566K(3712K)->3566K(3712K)
[2023-05-08T18:01:31.728+0200][gc          ] GC(3) Pause Young (Normal) (GCLocker Initiated GC) 187M->143M(1024M) 2.627ms
[2023-05-08T18:01:31.728+0200][gc,cpu      ] GC(3) User=0.01s Sys=0.00s Real=0.00s
[2023-05-08T18:01:31.797+0200][gc,start    ] GC(4) Pause Young (Concurrent Start) (GCLocker Initiated GC)
[2023-05-08T18:01:31.797+0200][gc,task     ] GC(4) Using 8 workers of 8 for evacuation
[2023-05-08T18:01:31.801+0200][gc,phases   ] GC(4)   Pre Evacuate Collection Set: 0.3ms
[2023-05-08T18:01:31.802+0200][gc,phases   ] GC(4)   Merge Heap Roots: 0.1ms
[2023-05-08T18:01:31.802+0200][gc,phases   ] GC(4)   Evacuate Collection Set: 3.3ms
[2023-05-08T18:01:31.802+0200][gc,phases   ] GC(4)   Post Evacuate Collection Set: 0.4ms
[2023-05-08T18:01:31.802+0200][gc,phases   ] GC(4)   Other: 0.1ms
[2023-05-08T18:01:31.802+0200][gc,heap     ] GC(4) Eden regions: 17->0(49)
[2023-05-08T18:01:31.802+0200][gc,heap     ] GC(4) Survivor regions: 6->2(7)
[2023-05-08T18:01:31.802+0200][gc,heap     ] GC(4) Old regions: 8->14
[2023-05-08T18:01:31.802+0200][gc,heap     ] GC(4) Archive regions: 2->2
[2023-05-08T18:01:31.802+0200][gc,heap     ] GC(4) Humongous regions: 129->129
[2023-05-08T18:01:31.802+0200][gc,metaspace] GC(4) Metaspace: 35779K(36160K)->35779K(36160K) NonClass: 31803K(32064K)->31803K(32064K) Class: 3975K(4096K)->3975K(4096K)
[2023-05-08T18:01:31.802+0200][gc          ] GC(4) Pause Young (Concurrent Start) (GCLocker Initiated GC) 160M->144M(1024M) 4.355ms
[2023-05-08T18:01:31.802+0200][gc,cpu      ] GC(4) User=0.01s Sys=0.01s Real=0.01s
[2023-05-08T18:01:31.802+0200][gc          ] GC(5) Concurrent Mark Cycle
[2023-05-08T18:01:31.802+0200][gc,marking  ] GC(5) Concurrent Scan Root Regions
[2023-05-08T18:01:31.804+0200][gc,marking  ] GC(5) Concurrent Scan Root Regions 2.261ms
[2023-05-08T18:01:31.804+0200][gc,marking  ] GC(5) Concurrent Mark
[2023-05-08T18:01:31.804+0200][gc,marking  ] GC(5) Concurrent Mark From Roots
[2023-05-08T18:01:31.804+0200][gc,task     ] GC(5) Using 2 workers of 2 for marking
[2023-05-08T18:01:31.807+0200][gc,marking  ] GC(5) Concurrent Mark From Roots 3.271ms
[2023-05-08T18:01:31.807+0200][gc,marking  ] GC(5) Concurrent Preclean
[2023-05-08T18:01:31.807+0200][gc,marking  ] GC(5) Concurrent Preclean 0.086ms
[2023-05-08T18:01:31.808+0200][gc,start    ] GC(5) Pause Remark
[2023-05-08T18:01:31.809+0200][gc          ] GC(5) Pause Remark 145M->145M(1024M) 1.634ms
[2023-05-08T18:01:31.809+0200][gc,cpu      ] GC(5) User=0.00s Sys=0.00s Real=0.00s
[2023-05-08T18:01:31.809+0200][gc,marking  ] GC(5) Concurrent Mark 5.306ms
[2023-05-08T18:01:31.809+0200][gc,marking  ] GC(5) Concurrent Rebuild Remembered Sets and Scrub Regions
[2023-05-08T18:01:31.812+0200][gc,marking  ] GC(5) Concurrent Rebuild Remembered Sets and Scrub Regions 2.326ms
[2023-05-08T18:01:31.812+0200][gc,start    ] GC(5) Pause Cleanup
[2023-05-08T18:01:31.812+0200][gc          ] GC(5) Pause Cleanup 146M->146M(1024M) 0.113ms
[2023-05-08T18:01:31.812+0200][gc,cpu      ] GC(5) User=0.00s Sys=0.00s Real=0.00s
[2023-05-08T18:01:31.812+0200][gc,marking  ] GC(5) Concurrent Clear Claimed Marks
[2023-05-08T18:01:31.812+0200][gc,marking  ] GC(5) Concurrent Clear Claimed Marks 0.028ms
[2023-05-08T18:01:31.812+0200][gc,marking  ] GC(5) Concurrent Cleanup for Next Mark
[2023-05-08T18:01:31.813+0200][gc,marking  ] GC(5) Concurrent Cleanup for Next Mark 1.120ms
[2023-05-08T18:01:31.813+0200][gc          ] GC(5) Concurrent Mark Cycle 11.724ms
[2023-05-08T18:03:06.131+0200][gc,heap,exit] Heap
[2023-05-08T18:03:06.131+0200][gc,heap,exit]  garbage-first heap   total 1048576K, used 188870K [0x00000007c0000000, 0x0000000800000000)
[2023-05-08T18:03:06.131+0200][gc,heap,exit]   region size 1024K, 42 young (43008K), 2 survivors (2048K)
[2023-05-08T18:03:06.131+0200][gc,heap,exit]  Metaspace       used 39397K, committed 39936K, reserved 1114112K
[2023-05-08T18:03:06.131+0200][gc,heap,exit]   class space    used 4537K, committed 4800K, reserved 1048576K
