[2023-05-08T17:02:59.583+0200][gc,init] CardTable entry size: 512
[2023-05-08T17:02:59.583+0200][gc     ] Using G1
[2023-05-08T17:02:59.584+0200][gc,init] Version: 20+36-2344 (release)
[2023-05-08T17:02:59.584+0200][gc,init] CPUs: 8 total, 8 available
[2023-05-08T17:02:59.584+0200][gc,init] Memory: 8192M
[2023-05-08T17:02:59.584+0200][gc,init] Large Page Support: Disabled
[2023-05-08T17:02:59.584+0200][gc,init] NUMA Support: Disabled
[2023-05-08T17:02:59.584+0200][gc,init] Compressed Oops: Enabled (Zero based)
[2023-05-08T17:02:59.584+0200][gc,init] Heap Region Size: 1M
[2023-05-08T17:02:59.584+0200][gc,init] Heap Min Capacity: 1G
[2023-05-08T17:02:59.584+0200][gc,init] Heap Initial Capacity: 1G
[2023-05-08T17:02:59.584+0200][gc,init] Heap Max Capacity: 1G
[2023-05-08T17:02:59.584+0200][gc,init] Pre-touch: Disabled
[2023-05-08T17:02:59.584+0200][gc,init] Parallel Workers: 8
[2023-05-08T17:02:59.584+0200][gc,init] Concurrent Workers: 2
[2023-05-08T17:02:59.584+0200][gc,init] Concurrent Refinement Workers: 8
[2023-05-08T17:02:59.584+0200][gc,init] Periodic GC: Disabled
[2023-05-08T17:02:59.584+0200][gc,metaspace] CDS archive(s) mapped at: [0x0000000800000000-0x0000000800c6c000-0x0000000800c6c000), size 13025280, SharedBaseAddress: 0x0000000800000000, ArchiveRelocationMode: 0.
[2023-05-08T17:02:59.584+0200][gc,metaspace] Compressed class space mapped at: 0x0000000801000000-0x0000000841000000, reserved size: 1073741824
[2023-05-08T17:02:59.584+0200][gc,metaspace] Narrow klass base: 0x0000000800000000, Narrow klass shift: 0, Narrow klass range: 0x100000000
[2023-05-08T17:03:00.142+0200][gc,start    ] GC(0) Pause Young (Normal) (G1 Evacuation Pause)
[2023-05-08T17:03:00.142+0200][gc,task     ] GC(0) Using 8 workers of 8 for evacuation
[2023-05-08T17:03:00.145+0200][gc,phases   ] GC(0)   Pre Evacuate Collection Set: 0.1ms
[2023-05-08T17:03:00.145+0200][gc,phases   ] GC(0)   Merge Heap Roots: 0.0ms
[2023-05-08T17:03:00.145+0200][gc,phases   ] GC(0)   Evacuate Collection Set: 2.1ms
[2023-05-08T17:03:00.145+0200][gc,phases   ] GC(0)   Post Evacuate Collection Set: 0.3ms
[2023-05-08T17:03:00.145+0200][gc,phases   ] GC(0)   Other: 0.2ms
[2023-05-08T17:03:00.145+0200][gc,heap     ] GC(0) Eden regions: 51->0(44)
[2023-05-08T17:03:00.145+0200][gc,heap     ] GC(0) Survivor regions: 0->7(7)
[2023-05-08T17:03:00.145+0200][gc,heap     ] GC(0) Old regions: 0->1
[2023-05-08T17:03:00.145+0200][gc,heap     ] GC(0) Archive regions: 2->2
[2023-05-08T17:03:00.145+0200][gc,heap     ] GC(0) Humongous regions: 0->0
[2023-05-08T17:03:00.145+0200][gc,metaspace] GC(0) Metaspace: 18206K(18432K)->18206K(18432K) NonClass: 16122K(16256K)->16122K(16256K) Class: 2083K(2176K)->2083K(2176K)
[2023-05-08T17:03:00.145+0200][gc          ] GC(0) Pause Young (Normal) (G1 Evacuation Pause) 51M->8M(1024M) 2.878ms
[2023-05-08T17:03:00.145+0200][gc,cpu      ] GC(0) User=0.01s Sys=0.00s Real=0.00s
[2023-05-08T17:03:00.270+0200][gc,start    ] GC(1) Pause Young (Concurrent Start) (Metadata GC Threshold)
[2023-05-08T17:03:00.270+0200][gc,task     ] GC(1) Using 8 workers of 8 for evacuation
[2023-05-08T17:03:00.273+0200][gc,phases   ] GC(1)   Pre Evacuate Collection Set: 0.1ms
[2023-05-08T17:03:00.273+0200][gc,phases   ] GC(1)   Merge Heap Roots: 0.0ms
[2023-05-08T17:03:00.273+0200][gc,phases   ] GC(1)   Evacuate Collection Set: 3.1ms
[2023-05-08T17:03:00.273+0200][gc,phases   ] GC(1)   Post Evacuate Collection Set: 0.2ms
[2023-05-08T17:03:00.273+0200][gc,phases   ] GC(1)   Other: 0.0ms
[2023-05-08T17:03:00.273+0200][gc,heap     ] GC(1) Eden regions: 14->0(49)
[2023-05-08T17:03:00.273+0200][gc,heap     ] GC(1) Survivor regions: 7->2(7)
[2023-05-08T17:03:00.273+0200][gc,heap     ] GC(1) Old regions: 1->8
[2023-05-08T17:03:00.273+0200][gc,heap     ] GC(1) Archive regions: 2->2
[2023-05-08T17:03:00.273+0200][gc,heap     ] GC(1) Humongous regions: 129->129
[2023-05-08T17:03:00.273+0200][gc,metaspace] GC(1) Metaspace: 21337K(21504K)->21337K(21504K) NonClass: 18861K(18944K)->18861K(18944K) Class: 2475K(2560K)->2475K(2560K)
[2023-05-08T17:03:00.273+0200][gc          ] GC(1) Pause Young (Concurrent Start) (Metadata GC Threshold) 150M->138M(1024M) 3.659ms
[2023-05-08T17:03:00.273+0200][gc,cpu      ] GC(1) User=0.01s Sys=0.01s Real=0.00s
[2023-05-08T17:03:00.273+0200][gc          ] GC(2) Concurrent Mark Cycle
[2023-05-08T17:03:00.273+0200][gc,marking  ] GC(2) Concurrent Scan Root Regions
[2023-05-08T17:03:00.275+0200][gc,marking  ] GC(2) Concurrent Scan Root Regions 1.823ms
[2023-05-08T17:03:00.275+0200][gc,marking  ] GC(2) Concurrent Mark
[2023-05-08T17:03:00.275+0200][gc,marking  ] GC(2) Concurrent Mark From Roots
[2023-05-08T17:03:00.275+0200][gc,task     ] GC(2) Using 2 workers of 2 for marking
[2023-05-08T17:03:00.276+0200][gc,marking  ] GC(2) Concurrent Mark From Roots 0.830ms
[2023-05-08T17:03:00.276+0200][gc,marking  ] GC(2) Concurrent Preclean
[2023-05-08T17:03:00.276+0200][gc,marking  ] GC(2) Concurrent Preclean 0.006ms
[2023-05-08T17:03:00.276+0200][gc,start    ] GC(2) Pause Remark
[2023-05-08T17:03:00.277+0200][gc          ] GC(2) Pause Remark 139M->139M(1024M) 1.180ms
[2023-05-08T17:03:00.277+0200][gc,cpu      ] GC(2) User=0.01s Sys=0.00s Real=0.00s
[2023-05-08T17:03:00.277+0200][gc,marking  ] GC(2) Concurrent Mark 2.152ms
[2023-05-08T17:03:00.277+0200][gc,marking  ] GC(2) Concurrent Rebuild Remembered Sets and Scrub Regions
[2023-05-08T17:03:00.279+0200][gc,marking  ] GC(2) Concurrent Rebuild Remembered Sets and Scrub Regions 1.812ms
[2023-05-08T17:03:00.279+0200][gc,start    ] GC(2) Pause Cleanup
[2023-05-08T17:03:00.279+0200][gc          ] GC(2) Pause Cleanup 139M->139M(1024M) 0.091ms
[2023-05-08T17:03:00.279+0200][gc,cpu      ] GC(2) User=0.00s Sys=0.00s Real=0.00s
[2023-05-08T17:03:00.279+0200][gc,marking  ] GC(2) Concurrent Clear Claimed Marks
[2023-05-08T17:03:00.279+0200][gc,marking  ] GC(2) Concurrent Clear Claimed Marks 0.017ms
[2023-05-08T17:03:00.279+0200][gc,marking  ] GC(2) Concurrent Cleanup for Next Mark
[2023-05-08T17:03:00.281+0200][gc,marking  ] GC(2) Concurrent Cleanup for Next Mark 1.715ms
[2023-05-08T17:03:00.281+0200][gc          ] GC(2) Concurrent Mark Cycle 7.968ms
[2023-05-08T17:03:00.678+0200][gc,start    ] GC(3) Pause Young (Normal) (G1 Evacuation Pause)
[2023-05-08T17:03:00.678+0200][gc,task     ] GC(3) Using 8 workers of 8 for evacuation
[2023-05-08T17:03:00.681+0200][gc,phases   ] GC(3)   Pre Evacuate Collection Set: 0.1ms
[2023-05-08T17:03:00.681+0200][gc,phases   ] GC(3)   Merge Heap Roots: 0.0ms
[2023-05-08T17:03:00.681+0200][gc,phases   ] GC(3)   Evacuate Collection Set: 1.9ms
[2023-05-08T17:03:00.681+0200][gc,phases   ] GC(3)   Post Evacuate Collection Set: 0.2ms
[2023-05-08T17:03:00.681+0200][gc,phases   ] GC(3)   Other: 0.0ms
[2023-05-08T17:03:00.681+0200][gc,heap     ] GC(3) Eden regions: 49->0(44)
[2023-05-08T17:03:00.681+0200][gc,heap     ] GC(3) Survivor regions: 2->7(7)
[2023-05-08T17:03:00.681+0200][gc,heap     ] GC(3) Old regions: 8->8
[2023-05-08T17:03:00.681+0200][gc,heap     ] GC(3) Archive regions: 2->2
[2023-05-08T17:03:00.681+0200][gc,heap     ] GC(3) Humongous regions: 129->129
[2023-05-08T17:03:00.681+0200][gc,metaspace] GC(3) Metaspace: 33157K(33408K)->33157K(33408K) NonClass: 29585K(29696K)->29585K(29696K) Class: 3571K(3712K)->3571K(3712K)
[2023-05-08T17:03:00.681+0200][gc          ] GC(3) Pause Young (Normal) (G1 Evacuation Pause) 187M->143M(1024M) 2.418ms
[2023-05-08T17:03:00.681+0200][gc,cpu      ] GC(3) User=0.02s Sys=0.00s Real=0.01s
[2023-05-08T17:03:00.751+0200][gc,start    ] GC(4) Pause Young (Concurrent Start) (Metadata GC Threshold)
[2023-05-08T17:03:00.751+0200][gc,task     ] GC(4) Using 8 workers of 8 for evacuation
[2023-05-08T17:03:00.758+0200][gc,phases   ] GC(4)   Pre Evacuate Collection Set: 0.1ms
[2023-05-08T17:03:00.758+0200][gc,phases   ] GC(4)   Merge Heap Roots: 0.1ms
[2023-05-08T17:03:00.758+0200][gc,phases   ] GC(4)   Evacuate Collection Set: 5.9ms
[2023-05-08T17:03:00.758+0200][gc,phases   ] GC(4)   Post Evacuate Collection Set: 0.5ms
[2023-05-08T17:03:00.758+0200][gc,phases   ] GC(4)   Other: 0.1ms
[2023-05-08T17:03:00.758+0200][gc,heap     ] GC(4) Eden regions: 13->0(49)
[2023-05-08T17:03:00.758+0200][gc,heap     ] GC(4) Survivor regions: 7->2(7)
[2023-05-08T17:03:00.758+0200][gc,heap     ] GC(4) Old regions: 8->13
[2023-05-08T17:03:00.758+0200][gc,heap     ] GC(4) Archive regions: 2->2
[2023-05-08T17:03:00.758+0200][gc,heap     ] GC(4) Humongous regions: 129->129
[2023-05-08T17:03:00.758+0200][gc,metaspace] GC(4) Metaspace: 35734K(36096K)->35734K(36096K) NonClass: 31756K(31936K)->31756K(31936K) Class: 3978K(4160K)->3978K(4160K)
[2023-05-08T17:03:00.758+0200][gc          ] GC(4) Pause Young (Concurrent Start) (Metadata GC Threshold) 155M->144M(1024M) 6.932ms
[2023-05-08T17:03:00.758+0200][gc,cpu      ] GC(4) User=0.02s Sys=0.00s Real=0.00s
[2023-05-08T17:03:00.758+0200][gc          ] GC(5) Concurrent Mark Cycle
[2023-05-08T17:03:00.758+0200][gc,marking  ] GC(5) Concurrent Scan Root Regions
[2023-05-08T17:03:00.761+0200][gc,marking  ] GC(5) Concurrent Scan Root Regions 2.872ms
[2023-05-08T17:03:00.761+0200][gc,marking  ] GC(5) Concurrent Mark
[2023-05-08T17:03:00.761+0200][gc,marking  ] GC(5) Concurrent Mark From Roots
[2023-05-08T17:03:00.761+0200][gc,task     ] GC(5) Using 2 workers of 2 for marking
[2023-05-08T17:03:00.768+0200][gc,marking  ] GC(5) Concurrent Mark From Roots 6.698ms
[2023-05-08T17:03:00.768+0200][gc,marking  ] GC(5) Concurrent Preclean
[2023-05-08T17:03:00.768+0200][gc,marking  ] GC(5) Concurrent Preclean 0.039ms
[2023-05-08T17:03:00.768+0200][gc,start    ] GC(5) Pause Remark
[2023-05-08T17:03:00.770+0200][gc          ] GC(5) Pause Remark 145M->145M(1024M) 1.864ms
[2023-05-08T17:03:00.770+0200][gc,cpu      ] GC(5) User=0.00s Sys=0.00s Real=0.01s
[2023-05-08T17:03:00.770+0200][gc,marking  ] GC(5) Concurrent Mark 8.860ms
[2023-05-08T17:03:00.770+0200][gc,marking  ] GC(5) Concurrent Rebuild Remembered Sets and Scrub Regions
[2023-05-08T17:03:00.772+0200][gc,marking  ] GC(5) Concurrent Rebuild Remembered Sets and Scrub Regions 1.760ms
[2023-05-08T17:03:00.772+0200][gc,start    ] GC(5) Pause Cleanup
[2023-05-08T17:03:00.772+0200][gc          ] GC(5) Pause Cleanup 145M->145M(1024M) 0.069ms
[2023-05-08T17:03:00.772+0200][gc,cpu      ] GC(5) User=0.00s Sys=0.00s Real=0.00s
[2023-05-08T17:03:00.772+0200][gc,marking  ] GC(5) Concurrent Clear Claimed Marks
[2023-05-08T17:03:00.772+0200][gc,marking  ] GC(5) Concurrent Clear Claimed Marks 0.037ms
[2023-05-08T17:03:00.772+0200][gc,marking  ] GC(5) Concurrent Cleanup for Next Mark
[2023-05-08T17:03:00.775+0200][gc,marking  ] GC(5) Concurrent Cleanup for Next Mark 2.623ms
[2023-05-08T17:03:00.775+0200][gc          ] GC(5) Concurrent Mark Cycle 17.129ms
[2023-05-08T17:06:46.293+0200][gc,heap,exit] Heap
[2023-05-08T17:06:46.293+0200][gc,heap,exit]  garbage-first heap   total 1048576K, used 196472K [0x00000007c0000000, 0x0000000800000000)
[2023-05-08T17:06:46.293+0200][gc,heap,exit]   region size 1024K, 50 young (51200K), 2 survivors (2048K)
[2023-05-08T17:06:46.293+0200][gc,heap,exit]  Metaspace       used 39270K, committed 39808K, reserved 1114112K
[2023-05-08T17:06:46.293+0200][gc,heap,exit]   class space    used 4486K, committed 4736K, reserved 1048576K
