[2023-05-08T16:10:59.521+0200][gc,init] CardTable entry size: 512
[2023-05-08T16:10:59.521+0200][gc     ] Using G1
[2023-05-08T16:10:59.523+0200][gc,init] Version: 20+36-2344 (release)
[2023-05-08T16:10:59.523+0200][gc,init] CPUs: 8 total, 8 available
[2023-05-08T16:10:59.523+0200][gc,init] Memory: 8192M
[2023-05-08T16:10:59.523+0200][gc,init] Large Page Support: Disabled
[2023-05-08T16:10:59.523+0200][gc,init] NUMA Support: Disabled
[2023-05-08T16:10:59.523+0200][gc,init] Compressed Oops: Enabled (Zero based)
[2023-05-08T16:10:59.523+0200][gc,init] Heap Region Size: 1M
[2023-05-08T16:10:59.523+0200][gc,init] Heap Min Capacity: 1G
[2023-05-08T16:10:59.523+0200][gc,init] Heap Initial Capacity: 1G
[2023-05-08T16:10:59.523+0200][gc,init] Heap Max Capacity: 1G
[2023-05-08T16:10:59.523+0200][gc,init] Pre-touch: Disabled
[2023-05-08T16:10:59.523+0200][gc,init] Parallel Workers: 8
[2023-05-08T16:10:59.523+0200][gc,init] Concurrent Workers: 2
[2023-05-08T16:10:59.523+0200][gc,init] Concurrent Refinement Workers: 8
[2023-05-08T16:10:59.523+0200][gc,init] Periodic GC: Disabled
[2023-05-08T16:10:59.523+0200][gc,metaspace] CDS archive(s) mapped at: [0x0000000800000000-0x0000000800c6c000-0x0000000800c6c000), size 13025280, SharedBaseAddress: 0x0000000800000000, ArchiveRelocationMode: 0.
[2023-05-08T16:10:59.523+0200][gc,metaspace] Compressed class space mapped at: 0x0000000801000000-0x0000000841000000, reserved size: 1073741824
[2023-05-08T16:10:59.523+0200][gc,metaspace] Narrow klass base: 0x0000000800000000, Narrow klass shift: 0, Narrow klass range: 0x100000000
[2023-05-08T16:11:00.161+0200][gc,start    ] GC(0) Pause Young (Normal) (G1 Evacuation Pause)
[2023-05-08T16:11:00.161+0200][gc,task     ] GC(0) Using 8 workers of 8 for evacuation
[2023-05-08T16:11:00.166+0200][gc,phases   ] GC(0)   Pre Evacuate Collection Set: 0.3ms
[2023-05-08T16:11:00.166+0200][gc,phases   ] GC(0)   Merge Heap Roots: 0.0ms
[2023-05-08T16:11:00.167+0200][gc,phases   ] GC(0)   Evacuate Collection Set: 4.7ms
[2023-05-08T16:11:00.167+0200][gc,phases   ] GC(0)   Post Evacuate Collection Set: 0.3ms
[2023-05-08T16:11:00.167+0200][gc,phases   ] GC(0)   Other: 0.2ms
[2023-05-08T16:11:00.167+0200][gc,heap     ] GC(0) Eden regions: 51->0(44)
[2023-05-08T16:11:00.167+0200][gc,heap     ] GC(0) Survivor regions: 0->7(7)
[2023-05-08T16:11:00.167+0200][gc,heap     ] GC(0) Old regions: 0->1
[2023-05-08T16:11:00.167+0200][gc,heap     ] GC(0) Archive regions: 2->2
[2023-05-08T16:11:00.167+0200][gc,heap     ] GC(0) Humongous regions: 0->0
[2023-05-08T16:11:00.167+0200][gc,metaspace] GC(0) Metaspace: 18211K(18432K)->18211K(18432K) NonClass: 16127K(16256K)->16127K(16256K) Class: 2083K(2176K)->2083K(2176K)
[2023-05-08T16:11:00.167+0200][gc          ] GC(0) Pause Young (Normal) (G1 Evacuation Pause) 51M->8M(1024M) 5.774ms
[2023-05-08T16:11:00.167+0200][gc,cpu      ] GC(0) User=0.02s Sys=0.02s Real=0.00s
[2023-05-08T16:11:00.283+0200][gc,start    ] GC(1) Pause Young (Concurrent Start) (Metadata GC Threshold)
[2023-05-08T16:11:00.283+0200][gc,task     ] GC(1) Using 8 workers of 8 for evacuation
[2023-05-08T16:11:00.286+0200][gc,phases   ] GC(1)   Pre Evacuate Collection Set: 0.2ms
[2023-05-08T16:11:00.286+0200][gc,phases   ] GC(1)   Merge Heap Roots: 0.0ms
[2023-05-08T16:11:00.286+0200][gc,phases   ] GC(1)   Evacuate Collection Set: 2.1ms
[2023-05-08T16:11:00.286+0200][gc,phases   ] GC(1)   Post Evacuate Collection Set: 0.2ms
[2023-05-08T16:11:00.286+0200][gc,phases   ] GC(1)   Other: 0.0ms
[2023-05-08T16:11:00.286+0200][gc,heap     ] GC(1) Eden regions: 12->0(49)
[2023-05-08T16:11:00.286+0200][gc,heap     ] GC(1) Survivor regions: 7->2(7)
[2023-05-08T16:11:00.286+0200][gc,heap     ] GC(1) Old regions: 1->8
[2023-05-08T16:11:00.286+0200][gc,heap     ] GC(1) Archive regions: 2->2
[2023-05-08T16:11:00.286+0200][gc,heap     ] GC(1) Humongous regions: 0->0
[2023-05-08T16:11:00.286+0200][gc,metaspace] GC(1) Metaspace: 21277K(21504K)->21277K(21504K) NonClass: 18814K(18944K)->18814K(18944K) Class: 2463K(2560K)->2463K(2560K)
[2023-05-08T16:11:00.286+0200][gc          ] GC(1) Pause Young (Concurrent Start) (Metadata GC Threshold) 20M->9M(1024M) 2.616ms
[2023-05-08T16:11:00.286+0200][gc,cpu      ] GC(1) User=0.01s Sys=0.01s Real=0.00s
[2023-05-08T16:11:00.286+0200][gc          ] GC(2) Concurrent Mark Cycle
[2023-05-08T16:11:00.286+0200][gc,marking  ] GC(2) Concurrent Scan Root Regions
[2023-05-08T16:11:00.287+0200][gc,marking  ] GC(2) Concurrent Scan Root Regions 1.210ms
[2023-05-08T16:11:00.287+0200][gc,marking  ] GC(2) Concurrent Mark
[2023-05-08T16:11:00.287+0200][gc,marking  ] GC(2) Concurrent Mark From Roots
[2023-05-08T16:11:00.287+0200][gc,task     ] GC(2) Using 2 workers of 2 for marking
[2023-05-08T16:11:00.287+0200][gc,marking  ] GC(2) Concurrent Mark From Roots 0.383ms
[2023-05-08T16:11:00.287+0200][gc,marking  ] GC(2) Concurrent Preclean
[2023-05-08T16:11:00.287+0200][gc,marking  ] GC(2) Concurrent Preclean 0.007ms
[2023-05-08T16:11:00.287+0200][gc,start    ] GC(2) Pause Remark
[2023-05-08T16:11:00.288+0200][gc          ] GC(2) Pause Remark 10M->10M(1024M) 0.949ms
[2023-05-08T16:11:00.288+0200][gc,cpu      ] GC(2) User=0.01s Sys=0.00s Real=0.00s
[2023-05-08T16:11:00.288+0200][gc,marking  ] GC(2) Concurrent Mark 1.455ms
[2023-05-08T16:11:00.288+0200][gc,marking  ] GC(2) Concurrent Rebuild Remembered Sets and Scrub Regions
[2023-05-08T16:11:00.290+0200][gc,marking  ] GC(2) Concurrent Rebuild Remembered Sets and Scrub Regions 1.134ms
[2023-05-08T16:11:00.290+0200][gc,start    ] GC(2) Pause Cleanup
[2023-05-08T16:11:00.290+0200][gc          ] GC(2) Pause Cleanup 10M->10M(1024M) 0.060ms
[2023-05-08T16:11:00.290+0200][gc,cpu      ] GC(2) User=0.00s Sys=0.00s Real=0.00s
[2023-05-08T16:11:00.290+0200][gc,marking  ] GC(2) Concurrent Clear Claimed Marks
[2023-05-08T16:11:00.290+0200][gc,marking  ] GC(2) Concurrent Clear Claimed Marks 0.009ms
[2023-05-08T16:11:00.290+0200][gc,marking  ] GC(2) Concurrent Cleanup for Next Mark
[2023-05-08T16:11:00.291+0200][gc,marking  ] GC(2) Concurrent Cleanup for Next Mark 1.335ms
[2023-05-08T16:11:00.291+0200][gc          ] GC(2) Concurrent Mark Cycle 5.348ms
[2023-05-08T16:11:01.191+0200][gc,start    ] GC(3) Pause Young (Normal) (G1 Evacuation Pause)
[2023-05-08T16:11:01.191+0200][gc,task     ] GC(3) Using 8 workers of 8 for evacuation
[2023-05-08T16:11:01.193+0200][gc,phases   ] GC(3)   Pre Evacuate Collection Set: 0.1ms
[2023-05-08T16:11:01.193+0200][gc,phases   ] GC(3)   Merge Heap Roots: 0.0ms
[2023-05-08T16:11:01.193+0200][gc,phases   ] GC(3)   Evacuate Collection Set: 1.7ms
[2023-05-08T16:11:01.193+0200][gc,phases   ] GC(3)   Post Evacuate Collection Set: 0.2ms
[2023-05-08T16:11:01.193+0200][gc,phases   ] GC(3)   Other: 0.0ms
[2023-05-08T16:11:01.193+0200][gc,heap     ] GC(3) Eden regions: 49->0(45)
[2023-05-08T16:11:01.193+0200][gc,heap     ] GC(3) Survivor regions: 2->6(7)
[2023-05-08T16:11:01.193+0200][gc,heap     ] GC(3) Old regions: 8->8
[2023-05-08T16:11:01.193+0200][gc,heap     ] GC(3) Archive regions: 2->2
[2023-05-08T16:11:01.193+0200][gc,heap     ] GC(3) Humongous regions: 129->129
[2023-05-08T16:11:01.193+0200][gc,metaspace] GC(3) Metaspace: 29739K(30080K)->29739K(30080K) NonClass: 26459K(26624K)->26459K(26624K) Class: 3280K(3456K)->3280K(3456K)
[2023-05-08T16:11:01.193+0200][gc          ] GC(3) Pause Young (Normal) (G1 Evacuation Pause) 187M->142M(1024M) 2.199ms
[2023-05-08T16:11:01.193+0200][gc,cpu      ] GC(3) User=0.02s Sys=0.00s Real=0.00s
[2023-05-08T16:11:01.363+0200][gc,start    ] GC(4) Pause Young (Concurrent Start) (Metadata GC Threshold)
[2023-05-08T16:11:01.363+0200][gc,task     ] GC(4) Using 8 workers of 8 for evacuation
[2023-05-08T16:11:01.366+0200][gc,phases   ] GC(4)   Pre Evacuate Collection Set: 0.1ms
[2023-05-08T16:11:01.366+0200][gc,phases   ] GC(4)   Merge Heap Roots: 0.0ms
[2023-05-08T16:11:01.366+0200][gc,phases   ] GC(4)   Evacuate Collection Set: 2.6ms
[2023-05-08T16:11:01.366+0200][gc,phases   ] GC(4)   Post Evacuate Collection Set: 0.2ms
[2023-05-08T16:11:01.366+0200][gc,phases   ] GC(4)   Other: 0.0ms
[2023-05-08T16:11:01.366+0200][gc,heap     ] GC(4) Eden regions: 26->0(48)
[2023-05-08T16:11:01.366+0200][gc,heap     ] GC(4) Survivor regions: 6->3(7)
[2023-05-08T16:11:01.366+0200][gc,heap     ] GC(4) Old regions: 8->12
[2023-05-08T16:11:01.366+0200][gc,heap     ] GC(4) Archive regions: 2->2
[2023-05-08T16:11:01.366+0200][gc,heap     ] GC(4) Humongous regions: 129->129
[2023-05-08T16:11:01.366+0200][gc,metaspace] GC(4) Metaspace: 35799K(36096K)->35799K(36096K) NonClass: 31938K(32128K)->31938K(32128K) Class: 3860K(3968K)->3860K(3968K)
[2023-05-08T16:11:01.366+0200][gc          ] GC(4) Pause Young (Concurrent Start) (Metadata GC Threshold) 167M->144M(1024M) 3.109ms
[2023-05-08T16:11:01.366+0200][gc          ] GC(5) Concurrent Mark Cycle
[2023-05-08T16:11:01.367+0200][gc,cpu      ] GC(4) User=0.02s Sys=0.00s Real=0.00s
[2023-05-08T16:11:01.367+0200][gc,marking  ] GC(5) Concurrent Scan Root Regions
[2023-05-08T16:11:01.368+0200][gc,marking  ] GC(5) Concurrent Scan Root Regions 1.914ms
[2023-05-08T16:11:01.368+0200][gc,marking  ] GC(5) Concurrent Mark
[2023-05-08T16:11:01.368+0200][gc,marking  ] GC(5) Concurrent Mark From Roots
[2023-05-08T16:11:01.368+0200][gc,task     ] GC(5) Using 2 workers of 2 for marking
[2023-05-08T16:11:01.371+0200][gc,marking  ] GC(5) Concurrent Mark From Roots 2.568ms
[2023-05-08T16:11:01.371+0200][gc,marking  ] GC(5) Concurrent Preclean
[2023-05-08T16:11:01.371+0200][gc,marking  ] GC(5) Concurrent Preclean 0.024ms
[2023-05-08T16:11:01.371+0200][gc,start    ] GC(5) Pause Remark
[2023-05-08T16:11:01.372+0200][gc          ] GC(5) Pause Remark 145M->145M(1024M) 1.063ms
[2023-05-08T16:11:01.372+0200][gc,cpu      ] GC(5) User=0.00s Sys=0.00s Real=0.00s
[2023-05-08T16:11:01.373+0200][gc,marking  ] GC(5) Concurrent Mark 4.048ms
[2023-05-08T16:11:01.373+0200][gc,marking  ] GC(5) Concurrent Rebuild Remembered Sets and Scrub Regions
[2023-05-08T16:11:01.374+0200][gc,marking  ] GC(5) Concurrent Rebuild Remembered Sets and Scrub Regions 1.080ms
[2023-05-08T16:11:01.374+0200][gc,start    ] GC(5) Pause Cleanup
[2023-05-08T16:11:01.374+0200][gc          ] GC(5) Pause Cleanup 146M->146M(1024M) 0.022ms
[2023-05-08T16:11:01.374+0200][gc,cpu      ] GC(5) User=0.00s Sys=0.00s Real=0.00s
[2023-05-08T16:11:01.374+0200][gc,marking  ] GC(5) Concurrent Clear Claimed Marks
[2023-05-08T16:11:01.374+0200][gc,marking  ] GC(5) Concurrent Clear Claimed Marks 0.014ms
[2023-05-08T16:11:01.374+0200][gc,marking  ] GC(5) Concurrent Cleanup for Next Mark
[2023-05-08T16:11:01.376+0200][gc,marking  ] GC(5) Concurrent Cleanup for Next Mark 1.678ms
[2023-05-08T16:11:01.376+0200][gc          ] GC(5) Concurrent Mark Cycle 9.117ms
[2023-05-08T16:25:06.840+0200][gc,start    ] GC(6) Pause Young (Normal) (G1 Evacuation Pause)
[2023-05-08T16:25:06.842+0200][gc,task     ] GC(6) Using 8 workers of 8 for evacuation
[2023-05-08T16:25:06.866+0200][gc,mmu      ] GC(6) MMU target violated: 21.0ms (20.0ms/21.0ms)
[2023-05-08T16:25:06.866+0200][gc,phases   ] GC(6)   Pre Evacuate Collection Set: 0.9ms
[2023-05-08T16:25:06.866+0200][gc,phases   ] GC(6)   Merge Heap Roots: 0.2ms
[2023-05-08T16:25:06.866+0200][gc,phases   ] GC(6)   Evacuate Collection Set: 22.5ms
[2023-05-08T16:25:06.866+0200][gc,phases   ] GC(6)   Post Evacuate Collection Set: 0.7ms
[2023-05-08T16:25:06.866+0200][gc,phases   ] GC(6)   Other: 0.3ms
[2023-05-08T16:25:06.867+0200][gc,heap     ] GC(6) Eden regions: 48->0(46)
[2023-05-08T16:25:06.867+0200][gc,heap     ] GC(6) Survivor regions: 3->5(7)
[2023-05-08T16:25:06.867+0200][gc,heap     ] GC(6) Old regions: 12->12
[2023-05-08T16:25:06.867+0200][gc,heap     ] GC(6) Archive regions: 2->2
[2023-05-08T16:25:06.867+0200][gc,heap     ] GC(6) Humongous regions: 171->129
[2023-05-08T16:25:06.867+0200][gc,metaspace] GC(6) Metaspace: 39611K(40192K)->39611K(40192K) NonClass: 35120K(35456K)->35120K(35456K) Class: 4491K(4736K)->4491K(4736K)
[2023-05-08T16:25:06.867+0200][gc          ] GC(6) Pause Young (Normal) (G1 Evacuation Pause) 234M->146M(1024M) 26.436ms
[2023-05-08T16:25:06.867+0200][gc,cpu      ] GC(6) User=0.03s Sys=0.07s Real=0.02s
[2023-05-08T16:51:41.794+0200][gc,start    ] GC(7) Pause Young (Normal) (G1 Evacuation Pause)
[2023-05-08T16:51:41.796+0200][gc,task     ] GC(7) Using 8 workers of 8 for evacuation
[2023-05-08T16:51:41.812+0200][gc,phases   ] GC(7)   Pre Evacuate Collection Set: 1.1ms
[2023-05-08T16:51:41.812+0200][gc,phases   ] GC(7)   Merge Heap Roots: 0.2ms
[2023-05-08T16:51:41.812+0200][gc,phases   ] GC(7)   Evacuate Collection Set: 13.6ms
[2023-05-08T16:51:41.812+0200][gc,phases   ] GC(7)   Post Evacuate Collection Set: 0.7ms
[2023-05-08T16:51:41.812+0200][gc,phases   ] GC(7)   Other: 0.4ms
[2023-05-08T16:51:41.812+0200][gc,heap     ] GC(7) Eden regions: 46->0(48)
[2023-05-08T16:51:41.812+0200][gc,heap     ] GC(7) Survivor regions: 5->3(7)
[2023-05-08T16:51:41.812+0200][gc,heap     ] GC(7) Old regions: 12->15
[2023-05-08T16:51:41.812+0200][gc,heap     ] GC(7) Archive regions: 2->2
[2023-05-08T16:51:41.812+0200][gc,heap     ] GC(7) Humongous regions: 129->129
[2023-05-08T16:51:41.812+0200][gc,metaspace] GC(7) Metaspace: 40906K(41472K)->40906K(41472K) NonClass: 36173K(36480K)->36173K(36480K) Class: 4733K(4992K)->4733K(4992K)
[2023-05-08T16:51:41.812+0200][gc          ] GC(7) Pause Young (Normal) (G1 Evacuation Pause) 192M->147M(1024M) 17.863ms
[2023-05-08T16:51:41.812+0200][gc,cpu      ] GC(7) User=0.03s Sys=0.04s Real=0.02s
[2023-05-08T16:58:44.322+0200][gc,heap,exit] Heap
[2023-05-08T16:58:44.322+0200][gc,heap,exit]  garbage-first heap   total 1048576K, used 171178K [0x00000007c0000000, 0x0000000800000000)
[2023-05-08T16:58:44.322+0200][gc,heap,exit]   region size 1024K, 23 young (23552K), 3 survivors (3072K)
[2023-05-08T16:58:44.322+0200][gc,heap,exit]  Metaspace       used 41560K, committed 42112K, reserved 1114112K
[2023-05-08T16:58:44.322+0200][gc,heap,exit]   class space    used 4880K, committed 5120K, reserved 1048576K
