[2023-05-08T17:50:52.619+0200][gc,init] CardTable entry size: 512
[2023-05-08T17:50:52.619+0200][gc     ] Using G1
[2023-05-08T17:50:52.621+0200][gc,init] Version: 20+36-2344 (release)
[2023-05-08T17:50:52.621+0200][gc,init] CPUs: 8 total, 8 available
[2023-05-08T17:50:52.621+0200][gc,init] Memory: 8192M
[2023-05-08T17:50:52.621+0200][gc,init] Large Page Support: Disabled
[2023-05-08T17:50:52.621+0200][gc,init] NUMA Support: Disabled
[2023-05-08T17:50:52.621+0200][gc,init] Compressed Oops: Enabled (Zero based)
[2023-05-08T17:50:52.621+0200][gc,init] Heap Region Size: 1M
[2023-05-08T17:50:52.621+0200][gc,init] Heap Min Capacity: 1G
[2023-05-08T17:50:52.621+0200][gc,init] Heap Initial Capacity: 1G
[2023-05-08T17:50:52.621+0200][gc,init] Heap Max Capacity: 1G
[2023-05-08T17:50:52.621+0200][gc,init] Pre-touch: Disabled
[2023-05-08T17:50:52.621+0200][gc,init] Parallel Workers: 8
[2023-05-08T17:50:52.621+0200][gc,init] Concurrent Workers: 2
[2023-05-08T17:50:52.621+0200][gc,init] Concurrent Refinement Workers: 8
[2023-05-08T17:50:52.621+0200][gc,init] Periodic GC: Disabled
[2023-05-08T17:50:52.621+0200][gc,metaspace] CDS archive(s) mapped at: [0x0000000800000000-0x0000000800c6c000-0x0000000800c6c000), size 13025280, SharedBaseAddress: 0x0000000800000000, ArchiveRelocationMode: 0.
[2023-05-08T17:50:52.621+0200][gc,metaspace] Compressed class space mapped at: 0x0000000801000000-0x0000000841000000, reserved size: 1073741824
[2023-05-08T17:50:52.621+0200][gc,metaspace] Narrow klass base: 0x0000000800000000, Narrow klass shift: 0, Narrow klass range: 0x100000000
[2023-05-08T17:50:53.236+0200][gc,start    ] GC(0) Pause Young (Normal) (G1 Evacuation Pause)
[2023-05-08T17:50:53.236+0200][gc,task     ] GC(0) Using 8 workers of 8 for evacuation
[2023-05-08T17:50:53.239+0200][gc,phases   ] GC(0)   Pre Evacuate Collection Set: 0.1ms
[2023-05-08T17:50:53.239+0200][gc,phases   ] GC(0)   Merge Heap Roots: 0.0ms
[2023-05-08T17:50:53.239+0200][gc,phases   ] GC(0)   Evacuate Collection Set: 2.4ms
[2023-05-08T17:50:53.239+0200][gc,phases   ] GC(0)   Post Evacuate Collection Set: 0.3ms
[2023-05-08T17:50:53.239+0200][gc,phases   ] GC(0)   Other: 0.2ms
[2023-05-08T17:50:53.239+0200][gc,heap     ] GC(0) Eden regions: 51->0(44)
[2023-05-08T17:50:53.239+0200][gc,heap     ] GC(0) Survivor regions: 0->7(7)
[2023-05-08T17:50:53.239+0200][gc,heap     ] GC(0) Old regions: 0->1
[2023-05-08T17:50:53.239+0200][gc,heap     ] GC(0) Archive regions: 2->2
[2023-05-08T17:50:53.239+0200][gc,heap     ] GC(0) Humongous regions: 0->0
[2023-05-08T17:50:53.239+0200][gc,metaspace] GC(0) Metaspace: 18212K(18432K)->18212K(18432K) NonClass: 16128K(16256K)->16128K(16256K) Class: 2083K(2176K)->2083K(2176K)
[2023-05-08T17:50:53.239+0200][gc          ] GC(0) Pause Young (Normal) (G1 Evacuation Pause) 51M->8M(1024M) 3.140ms
[2023-05-08T17:50:53.239+0200][gc,cpu      ] GC(0) User=0.01s Sys=0.00s Real=0.00s
[2023-05-08T17:50:53.368+0200][gc,start    ] GC(1) Pause Young (Concurrent Start) (Metadata GC Threshold)
[2023-05-08T17:50:53.368+0200][gc,task     ] GC(1) Using 8 workers of 8 for evacuation
[2023-05-08T17:50:53.371+0200][gc,phases   ] GC(1)   Pre Evacuate Collection Set: 0.4ms
[2023-05-08T17:50:53.371+0200][gc,phases   ] GC(1)   Merge Heap Roots: 0.0ms
[2023-05-08T17:50:53.371+0200][gc,phases   ] GC(1)   Evacuate Collection Set: 2.7ms
[2023-05-08T17:50:53.371+0200][gc,phases   ] GC(1)   Post Evacuate Collection Set: 0.3ms
[2023-05-08T17:50:53.371+0200][gc,phases   ] GC(1)   Other: 0.0ms
[2023-05-08T17:50:53.371+0200][gc,heap     ] GC(1) Eden regions: 14->0(49)
[2023-05-08T17:50:53.371+0200][gc,heap     ] GC(1) Survivor regions: 7->2(7)
[2023-05-08T17:50:53.371+0200][gc,heap     ] GC(1) Old regions: 1->8
[2023-05-08T17:50:53.371+0200][gc,heap     ] GC(1) Archive regions: 2->2
[2023-05-08T17:50:53.371+0200][gc,heap     ] GC(1) Humongous regions: 129->129
[2023-05-08T17:50:53.371+0200][gc,metaspace] GC(1) Metaspace: 21311K(21504K)->21311K(21504K) NonClass: 18837K(18944K)->18837K(18944K) Class: 2474K(2560K)->2474K(2560K)
[2023-05-08T17:50:53.371+0200][gc          ] GC(1) Pause Young (Concurrent Start) (Metadata GC Threshold) 150M->138M(1024M) 3.559ms
[2023-05-08T17:50:53.371+0200][gc          ] GC(2) Concurrent Mark Cycle
[2023-05-08T17:50:53.371+0200][gc,cpu      ] GC(1) User=0.01s Sys=0.00s Real=0.01s
[2023-05-08T17:50:53.371+0200][gc,marking  ] GC(2) Concurrent Scan Root Regions
[2023-05-08T17:50:53.373+0200][gc,marking  ] GC(2) Concurrent Scan Root Regions 1.586ms
[2023-05-08T17:50:53.373+0200][gc,marking  ] GC(2) Concurrent Mark
[2023-05-08T17:50:53.373+0200][gc,marking  ] GC(2) Concurrent Mark From Roots
[2023-05-08T17:50:53.373+0200][gc,task     ] GC(2) Using 2 workers of 2 for marking
[2023-05-08T17:50:53.374+0200][gc,marking  ] GC(2) Concurrent Mark From Roots 0.671ms
[2023-05-08T17:50:53.374+0200][gc,marking  ] GC(2) Concurrent Preclean
[2023-05-08T17:50:53.374+0200][gc,marking  ] GC(2) Concurrent Preclean 0.009ms
[2023-05-08T17:50:53.374+0200][gc,start    ] GC(2) Pause Remark
[2023-05-08T17:50:53.375+0200][gc          ] GC(2) Pause Remark 139M->139M(1024M) 0.945ms
[2023-05-08T17:50:53.375+0200][gc,cpu      ] GC(2) User=0.01s Sys=0.00s Real=0.00s
[2023-05-08T17:50:53.375+0200][gc,marking  ] GC(2) Concurrent Mark 1.863ms
[2023-05-08T17:50:53.375+0200][gc,marking  ] GC(2) Concurrent Rebuild Remembered Sets and Scrub Regions
[2023-05-08T17:50:53.376+0200][gc,marking  ] GC(2) Concurrent Rebuild Remembered Sets and Scrub Regions 1.115ms
[2023-05-08T17:50:53.376+0200][gc,start    ] GC(2) Pause Cleanup
[2023-05-08T17:50:53.376+0200][gc          ] GC(2) Pause Cleanup 139M->139M(1024M) 0.055ms
[2023-05-08T17:50:53.376+0200][gc,cpu      ] GC(2) User=0.00s Sys=0.00s Real=0.00s
[2023-05-08T17:50:53.376+0200][gc,marking  ] GC(2) Concurrent Clear Claimed Marks
[2023-05-08T17:50:53.376+0200][gc,marking  ] GC(2) Concurrent Clear Claimed Marks 0.011ms
[2023-05-08T17:50:53.376+0200][gc,marking  ] GC(2) Concurrent Cleanup for Next Mark
[2023-05-08T17:50:53.377+0200][gc,marking  ] GC(2) Concurrent Cleanup for Next Mark 1.357ms
[2023-05-08T17:50:53.377+0200][gc          ] GC(2) Concurrent Mark Cycle 6.178ms
[2023-05-08T17:50:53.683+0200][gc,start    ] GC(3) Pause Young (Normal) (G1 Evacuation Pause)
[2023-05-08T17:50:53.683+0200][gc,task     ] GC(3) Using 8 workers of 8 for evacuation
[2023-05-08T17:50:53.687+0200][gc,phases   ] GC(3)   Pre Evacuate Collection Set: 0.1ms
[2023-05-08T17:50:53.687+0200][gc,phases   ] GC(3)   Merge Heap Roots: 0.1ms
[2023-05-08T17:50:53.687+0200][gc,phases   ] GC(3)   Evacuate Collection Set: 3.0ms
[2023-05-08T17:50:53.687+0200][gc,phases   ] GC(3)   Post Evacuate Collection Set: 0.3ms
[2023-05-08T17:50:53.687+0200][gc,phases   ] GC(3)   Other: 0.0ms
[2023-05-08T17:50:53.687+0200][gc,heap     ] GC(3) Eden regions: 49->0(44)
[2023-05-08T17:50:53.687+0200][gc,heap     ] GC(3) Survivor regions: 2->7(7)
[2023-05-08T17:50:53.687+0200][gc,heap     ] GC(3) Old regions: 8->8
[2023-05-08T17:50:53.687+0200][gc,heap     ] GC(3) Archive regions: 2->2
[2023-05-08T17:50:53.687+0200][gc,heap     ] GC(3) Humongous regions: 129->129
[2023-05-08T17:50:53.687+0200][gc,metaspace] GC(3) Metaspace: 33076K(33408K)->33076K(33408K) NonClass: 29511K(29696K)->29511K(29696K) Class: 3565K(3712K)->3565K(3712K)
[2023-05-08T17:50:53.687+0200][gc          ] GC(3) Pause Young (Normal) (G1 Evacuation Pause) 187M->143M(1024M) 3.544ms
[2023-05-08T17:50:53.687+0200][gc,cpu      ] GC(3) User=0.01s Sys=0.00s Real=0.00s
[2023-05-08T17:50:53.755+0200][gc,start    ] GC(4) Pause Young (Concurrent Start) (Metadata GC Threshold)
[2023-05-08T17:50:53.755+0200][gc,task     ] GC(4) Using 8 workers of 8 for evacuation
[2023-05-08T17:50:53.758+0200][gc,phases   ] GC(4)   Pre Evacuate Collection Set: 0.1ms
[2023-05-08T17:50:53.758+0200][gc,phases   ] GC(4)   Merge Heap Roots: 0.0ms
[2023-05-08T17:50:53.758+0200][gc,phases   ] GC(4)   Evacuate Collection Set: 2.6ms
[2023-05-08T17:50:53.758+0200][gc,phases   ] GC(4)   Post Evacuate Collection Set: 0.4ms
[2023-05-08T17:50:53.758+0200][gc,phases   ] GC(4)   Other: 0.0ms
[2023-05-08T17:50:53.758+0200][gc,heap     ] GC(4) Eden regions: 14->0(49)
[2023-05-08T17:50:53.758+0200][gc,heap     ] GC(4) Survivor regions: 7->2(7)
[2023-05-08T17:50:53.758+0200][gc,heap     ] GC(4) Old regions: 8->14
[2023-05-08T17:50:53.758+0200][gc,heap     ] GC(4) Archive regions: 2->2
[2023-05-08T17:50:53.758+0200][gc,heap     ] GC(4) Humongous regions: 129->129
[2023-05-08T17:50:53.758+0200][gc,metaspace] GC(4) Metaspace: 35765K(36096K)->35765K(36096K) NonClass: 31787K(32000K)->31787K(32000K) Class: 3977K(4096K)->3977K(4096K)
[2023-05-08T17:50:53.758+0200][gc          ] GC(4) Pause Young (Concurrent Start) (Metadata GC Threshold) 156M->144M(1024M) 3.311ms
[2023-05-08T17:50:53.758+0200][gc,cpu      ] GC(4) User=0.01s Sys=0.00s Real=0.00s
[2023-05-08T17:50:53.758+0200][gc          ] GC(5) Concurrent Mark Cycle
[2023-05-08T17:50:53.758+0200][gc,marking  ] GC(5) Concurrent Scan Root Regions
[2023-05-08T17:50:53.761+0200][gc,marking  ] GC(5) Concurrent Scan Root Regions 2.700ms
[2023-05-08T17:50:53.761+0200][gc,marking  ] GC(5) Concurrent Mark
[2023-05-08T17:50:53.761+0200][gc,marking  ] GC(5) Concurrent Mark From Roots
[2023-05-08T17:50:53.761+0200][gc,task     ] GC(5) Using 2 workers of 2 for marking
[2023-05-08T17:50:53.764+0200][gc,marking  ] GC(5) Concurrent Mark From Roots 3.224ms
[2023-05-08T17:50:53.764+0200][gc,marking  ] GC(5) Concurrent Preclean
[2023-05-08T17:50:53.764+0200][gc,marking  ] GC(5) Concurrent Preclean 0.048ms
[2023-05-08T17:50:53.765+0200][gc,start    ] GC(5) Pause Remark
[2023-05-08T17:50:53.766+0200][gc          ] GC(5) Pause Remark 145M->145M(1024M) 1.377ms
[2023-05-08T17:50:53.766+0200][gc,cpu      ] GC(5) User=0.01s Sys=0.00s Real=0.00s
[2023-05-08T17:50:53.766+0200][gc,marking  ] GC(5) Concurrent Mark 4.882ms
[2023-05-08T17:50:53.766+0200][gc,marking  ] GC(5) Concurrent Rebuild Remembered Sets and Scrub Regions
[2023-05-08T17:50:53.769+0200][gc,marking  ] GC(5) Concurrent Rebuild Remembered Sets and Scrub Regions 2.600ms
[2023-05-08T17:50:53.769+0200][gc,start    ] GC(5) Pause Cleanup
[2023-05-08T17:50:53.769+0200][gc          ] GC(5) Pause Cleanup 146M->146M(1024M) 0.107ms
[2023-05-08T17:50:53.769+0200][gc,cpu      ] GC(5) User=0.00s Sys=0.00s Real=0.00s
[2023-05-08T17:50:53.769+0200][gc,marking  ] GC(5) Concurrent Clear Claimed Marks
[2023-05-08T17:50:53.769+0200][gc,marking  ] GC(5) Concurrent Clear Claimed Marks 0.092ms
[2023-05-08T17:50:53.769+0200][gc,marking  ] GC(5) Concurrent Cleanup for Next Mark
[2023-05-08T17:50:53.770+0200][gc,marking  ] GC(5) Concurrent Cleanup for Next Mark 0.896ms
[2023-05-08T17:50:53.770+0200][gc          ] GC(5) Concurrent Mark Cycle 11.571ms
[2023-05-08T17:58:15.022+0200][gc,start    ] GC(6) Pause Young (Normal) (G1 Evacuation Pause)
[2023-05-08T17:58:15.022+0200][gc,task     ] GC(6) Using 8 workers of 8 for evacuation
[2023-05-08T17:58:15.028+0200][gc,phases   ] GC(6)   Pre Evacuate Collection Set: 0.3ms
[2023-05-08T17:58:15.028+0200][gc,phases   ] GC(6)   Merge Heap Roots: 0.1ms
[2023-05-08T17:58:15.028+0200][gc,phases   ] GC(6)   Evacuate Collection Set: 5.3ms
[2023-05-08T17:58:15.028+0200][gc,phases   ] GC(6)   Post Evacuate Collection Set: 0.2ms
[2023-05-08T17:58:15.028+0200][gc,phases   ] GC(6)   Other: 0.0ms
[2023-05-08T17:58:15.028+0200][gc,heap     ] GC(6) Eden regions: 49->0(48)
[2023-05-08T17:58:15.028+0200][gc,heap     ] GC(6) Survivor regions: 2->3(7)
[2023-05-08T17:58:15.028+0200][gc,heap     ] GC(6) Old regions: 14->14
[2023-05-08T17:58:15.028+0200][gc,heap     ] GC(6) Archive regions: 2->2
[2023-05-08T17:58:15.028+0200][gc,heap     ] GC(6) Humongous regions: 129->129
[2023-05-08T17:58:15.028+0200][gc,metaspace] GC(6) Metaspace: 39150K(39680K)->39150K(39680K) NonClass: 34684K(34944K)->34684K(34944K) Class: 4465K(4736K)->4465K(4736K)
[2023-05-08T17:58:15.028+0200][gc          ] GC(6) Pause Young (Normal) (G1 Evacuation Pause) 193M->146M(1024M) 6.144ms
[2023-05-08T17:58:15.028+0200][gc,cpu      ] GC(6) User=0.02s Sys=0.02s Real=0.00s
[2023-05-08T17:58:15.601+0200][gc,heap,exit] Heap
[2023-05-08T17:58:15.601+0200][gc,heap,exit]  garbage-first heap   total 1048576K, used 154807K [0x00000007c0000000, 0x0000000800000000)
[2023-05-08T17:58:15.601+0200][gc,heap,exit]   region size 1024K, 9 young (9216K), 3 survivors (3072K)
[2023-05-08T17:58:15.601+0200][gc,heap,exit]  Metaspace       used 39505K, committed 40128K, reserved 1114112K
[2023-05-08T17:58:15.601+0200][gc,heap,exit]   class space    used 4534K, committed 4800K, reserved 1048576K
