[2023-05-08T17:59:07.238+0200][gc,init] CardTable entry size: 512
[2023-05-08T17:59:07.238+0200][gc     ] Using G1
[2023-05-08T17:59:07.240+0200][gc,init] Version: 20+36-2344 (release)
[2023-05-08T17:59:07.240+0200][gc,init] CPUs: 8 total, 8 available
[2023-05-08T17:59:07.240+0200][gc,init] Memory: 8192M
[2023-05-08T17:59:07.240+0200][gc,init] Large Page Support: Disabled
[2023-05-08T17:59:07.240+0200][gc,init] NUMA Support: Disabled
[2023-05-08T17:59:07.240+0200][gc,init] Compressed Oops: Enabled (Zero based)
[2023-05-08T17:59:07.240+0200][gc,init] Heap Region Size: 1M
[2023-05-08T17:59:07.240+0200][gc,init] Heap Min Capacity: 1G
[2023-05-08T17:59:07.240+0200][gc,init] Heap Initial Capacity: 1G
[2023-05-08T17:59:07.240+0200][gc,init] Heap Max Capacity: 1G
[2023-05-08T17:59:07.240+0200][gc,init] Pre-touch: Disabled
[2023-05-08T17:59:07.240+0200][gc,init] Parallel Workers: 8
[2023-05-08T17:59:07.240+0200][gc,init] Concurrent Workers: 2
[2023-05-08T17:59:07.240+0200][gc,init] Concurrent Refinement Workers: 8
[2023-05-08T17:59:07.240+0200][gc,init] Periodic GC: Disabled
[2023-05-08T17:59:07.240+0200][gc,metaspace] CDS archive(s) mapped at: [0x0000000800000000-0x0000000800c6c000-0x0000000800c6c000), size 13025280, SharedBaseAddress: 0x0000000800000000, ArchiveRelocationMode: 0.
[2023-05-08T17:59:07.240+0200][gc,metaspace] Compressed class space mapped at: 0x0000000801000000-0x0000000841000000, reserved size: 1073741824
[2023-05-08T17:59:07.240+0200][gc,metaspace] Narrow klass base: 0x0000000800000000, Narrow klass shift: 0, Narrow klass range: 0x100000000
[2023-05-08T17:59:07.848+0200][gc,start    ] GC(0) Pause Young (Normal) (G1 Evacuation Pause)
[2023-05-08T17:59:07.848+0200][gc,task     ] GC(0) Using 8 workers of 8 for evacuation
[2023-05-08T17:59:07.851+0200][gc,phases   ] GC(0)   Pre Evacuate Collection Set: 0.1ms
[2023-05-08T17:59:07.851+0200][gc,phases   ] GC(0)   Merge Heap Roots: 0.0ms
[2023-05-08T17:59:07.851+0200][gc,phases   ] GC(0)   Evacuate Collection Set: 2.3ms
[2023-05-08T17:59:07.851+0200][gc,phases   ] GC(0)   Post Evacuate Collection Set: 0.2ms
[2023-05-08T17:59:07.851+0200][gc,phases   ] GC(0)   Other: 0.2ms
[2023-05-08T17:59:07.851+0200][gc,heap     ] GC(0) Eden regions: 51->0(44)
[2023-05-08T17:59:07.851+0200][gc,heap     ] GC(0) Survivor regions: 0->7(7)
[2023-05-08T17:59:07.851+0200][gc,heap     ] GC(0) Old regions: 0->1
[2023-05-08T17:59:07.851+0200][gc,heap     ] GC(0) Archive regions: 2->2
[2023-05-08T17:59:07.851+0200][gc,heap     ] GC(0) Humongous regions: 0->0
[2023-05-08T17:59:07.851+0200][gc,metaspace] GC(0) Metaspace: 18198K(18432K)->18198K(18432K) NonClass: 16114K(16256K)->16114K(16256K) Class: 2083K(2176K)->2083K(2176K)
[2023-05-08T17:59:07.851+0200][gc          ] GC(0) Pause Young (Normal) (G1 Evacuation Pause) 51M->8M(1024M) 3.084ms
[2023-05-08T17:59:07.851+0200][gc,cpu      ] GC(0) User=0.01s Sys=0.01s Real=0.01s
[2023-05-08T17:59:07.998+0200][gc,start    ] GC(1) Pause Young (Concurrent Start) (Metadata GC Threshold)
[2023-05-08T17:59:07.998+0200][gc,task     ] GC(1) Using 8 workers of 8 for evacuation
[2023-05-08T17:59:08.001+0200][gc,phases   ] GC(1)   Pre Evacuate Collection Set: 0.3ms
[2023-05-08T17:59:08.001+0200][gc,phases   ] GC(1)   Merge Heap Roots: 0.0ms
[2023-05-08T17:59:08.001+0200][gc,phases   ] GC(1)   Evacuate Collection Set: 2.3ms
[2023-05-08T17:59:08.001+0200][gc,phases   ] GC(1)   Post Evacuate Collection Set: 0.2ms
[2023-05-08T17:59:08.001+0200][gc,phases   ] GC(1)   Other: 0.0ms
[2023-05-08T17:59:08.001+0200][gc,heap     ] GC(1) Eden regions: 14->0(49)
[2023-05-08T17:59:08.001+0200][gc,heap     ] GC(1) Survivor regions: 7->2(7)
[2023-05-08T17:59:08.001+0200][gc,heap     ] GC(1) Old regions: 1->8
[2023-05-08T17:59:08.001+0200][gc,heap     ] GC(1) Archive regions: 2->2
[2023-05-08T17:59:08.001+0200][gc,heap     ] GC(1) Humongous regions: 129->129
[2023-05-08T17:59:08.001+0200][gc,metaspace] GC(1) Metaspace: 21328K(21504K)->21328K(21504K) NonClass: 18853K(18944K)->18853K(18944K) Class: 2475K(2560K)->2475K(2560K)
[2023-05-08T17:59:08.001+0200][gc          ] GC(1) Pause Young (Concurrent Start) (Metadata GC Threshold) 150M->138M(1024M) 3.014ms
[2023-05-08T17:59:08.001+0200][gc          ] GC(2) Concurrent Mark Cycle
[2023-05-08T17:59:08.001+0200][gc,cpu      ] GC(1) User=0.01s Sys=0.00s Real=0.01s
[2023-05-08T17:59:08.001+0200][gc,marking  ] GC(2) Concurrent Scan Root Regions
[2023-05-08T17:59:08.003+0200][gc,marking  ] GC(2) Concurrent Scan Root Regions 2.054ms
[2023-05-08T17:59:08.003+0200][gc,marking  ] GC(2) Concurrent Mark
[2023-05-08T17:59:08.003+0200][gc,marking  ] GC(2) Concurrent Mark From Roots
[2023-05-08T17:59:08.003+0200][gc,task     ] GC(2) Using 2 workers of 2 for marking
[2023-05-08T17:59:08.004+0200][gc,marking  ] GC(2) Concurrent Mark From Roots 0.787ms
[2023-05-08T17:59:08.004+0200][gc,marking  ] GC(2) Concurrent Preclean
[2023-05-08T17:59:08.004+0200][gc,marking  ] GC(2) Concurrent Preclean 0.007ms
[2023-05-08T17:59:08.004+0200][gc,start    ] GC(2) Pause Remark
[2023-05-08T17:59:08.005+0200][gc          ] GC(2) Pause Remark 139M->139M(1024M) 1.262ms
[2023-05-08T17:59:08.005+0200][gc,cpu      ] GC(2) User=0.00s Sys=0.00s Real=0.00s
[2023-05-08T17:59:08.005+0200][gc,marking  ] GC(2) Concurrent Mark 2.294ms
[2023-05-08T17:59:08.005+0200][gc,marking  ] GC(2) Concurrent Rebuild Remembered Sets and Scrub Regions
[2023-05-08T17:59:08.007+0200][gc,marking  ] GC(2) Concurrent Rebuild Remembered Sets and Scrub Regions 1.305ms
[2023-05-08T17:59:08.007+0200][gc,start    ] GC(2) Pause Cleanup
[2023-05-08T17:59:08.007+0200][gc          ] GC(2) Pause Cleanup 139M->139M(1024M) 0.064ms
[2023-05-08T17:59:08.007+0200][gc,cpu      ] GC(2) User=0.00s Sys=0.00s Real=0.00s
[2023-05-08T17:59:08.007+0200][gc,marking  ] GC(2) Concurrent Clear Claimed Marks
[2023-05-08T17:59:08.007+0200][gc,marking  ] GC(2) Concurrent Clear Claimed Marks 0.015ms
[2023-05-08T17:59:08.007+0200][gc,marking  ] GC(2) Concurrent Cleanup for Next Mark
[2023-05-08T17:59:08.008+0200][gc,marking  ] GC(2) Concurrent Cleanup for Next Mark 1.248ms
[2023-05-08T17:59:08.008+0200][gc          ] GC(2) Concurrent Mark Cycle 7.306ms
[2023-05-08T17:59:08.397+0200][gc,heap,exit] Heap
[2023-05-08T17:59:08.397+0200][gc,heap,exit]  garbage-first heap   total 1048576K, used 184885K [0x00000007c0000000, 0x0000000800000000)
[2023-05-08T17:59:08.397+0200][gc,heap,exit]   region size 1024K, 44 young (45056K), 2 survivors (2048K)
[2023-05-08T17:59:08.397+0200][gc,heap,exit]  Metaspace       used 30024K, committed 30336K, reserved 1114112K
[2023-05-08T17:59:08.397+0200][gc,heap,exit]   class space    used 3403K, committed 3520K, reserved 1048576K
