[2023-05-08T17:08:36.856+0200][gc,init] CardTable entry size: 512
[2023-05-08T17:08:36.856+0200][gc     ] Using G1
[2023-05-08T17:08:36.858+0200][gc,init] Version: 20+36-2344 (release)
[2023-05-08T17:08:36.858+0200][gc,init] CPUs: 8 total, 8 available
[2023-05-08T17:08:36.858+0200][gc,init] Memory: 8192M
[2023-05-08T17:08:36.858+0200][gc,init] Large Page Support: Disabled
[2023-05-08T17:08:36.858+0200][gc,init] NUMA Support: Disabled
[2023-05-08T17:08:36.858+0200][gc,init] Compressed Oops: Enabled (Zero based)
[2023-05-08T17:08:36.858+0200][gc,init] Heap Region Size: 1M
[2023-05-08T17:08:36.858+0200][gc,init] Heap Min Capacity: 1G
[2023-05-08T17:08:36.858+0200][gc,init] Heap Initial Capacity: 1G
[2023-05-08T17:08:36.858+0200][gc,init] Heap Max Capacity: 1G
[2023-05-08T17:08:36.858+0200][gc,init] Pre-touch: Disabled
[2023-05-08T17:08:36.858+0200][gc,init] Parallel Workers: 8
[2023-05-08T17:08:36.858+0200][gc,init] Concurrent Workers: 2
[2023-05-08T17:08:36.858+0200][gc,init] Concurrent Refinement Workers: 8
[2023-05-08T17:08:36.858+0200][gc,init] Periodic GC: Disabled
[2023-05-08T17:08:36.858+0200][gc,metaspace] CDS archive(s) mapped at: [0x0000000800000000-0x0000000800c6c000-0x0000000800c6c000), size 13025280, SharedBaseAddress: 0x0000000800000000, ArchiveRelocationMode: 0.
[2023-05-08T17:08:36.858+0200][gc,metaspace] Compressed class space mapped at: 0x0000000801000000-0x0000000841000000, reserved size: 1073741824
[2023-05-08T17:08:36.858+0200][gc,metaspace] Narrow klass base: 0x0000000800000000, Narrow klass shift: 0, Narrow klass range: 0x100000000
[2023-05-08T17:08:37.479+0200][gc,start    ] GC(0) Pause Young (Normal) (G1 Evacuation Pause)
[2023-05-08T17:08:37.480+0200][gc,task     ] GC(0) Using 8 workers of 8 for evacuation
[2023-05-08T17:08:37.482+0200][gc,phases   ] GC(0)   Pre Evacuate Collection Set: 0.2ms
[2023-05-08T17:08:37.482+0200][gc,phases   ] GC(0)   Merge Heap Roots: 0.0ms
[2023-05-08T17:08:37.482+0200][gc,phases   ] GC(0)   Evacuate Collection Set: 2.1ms
[2023-05-08T17:08:37.482+0200][gc,phases   ] GC(0)   Post Evacuate Collection Set: 0.3ms
[2023-05-08T17:08:37.482+0200][gc,phases   ] GC(0)   Other: 0.2ms
[2023-05-08T17:08:37.482+0200][gc,heap     ] GC(0) Eden regions: 51->0(44)
[2023-05-08T17:08:37.482+0200][gc,heap     ] GC(0) Survivor regions: 0->7(7)
[2023-05-08T17:08:37.482+0200][gc,heap     ] GC(0) Old regions: 0->1
[2023-05-08T17:08:37.482+0200][gc,heap     ] GC(0) Archive regions: 2->2
[2023-05-08T17:08:37.482+0200][gc,heap     ] GC(0) Humongous regions: 0->0
[2023-05-08T17:08:37.482+0200][gc,metaspace] GC(0) Metaspace: 18196K(18432K)->18196K(18432K) NonClass: 16112K(16256K)->16112K(16256K) Class: 2083K(2176K)->2083K(2176K)
[2023-05-08T17:08:37.482+0200][gc          ] GC(0) Pause Young (Normal) (G1 Evacuation Pause) 51M->8M(1024M) 2.926ms
[2023-05-08T17:08:37.482+0200][gc,cpu      ] GC(0) User=0.01s Sys=0.00s Real=0.01s
[2023-05-08T17:08:37.612+0200][gc,start    ] GC(1) Pause Young (Concurrent Start) (Metadata GC Threshold)
[2023-05-08T17:08:37.612+0200][gc,task     ] GC(1) Using 8 workers of 8 for evacuation
[2023-05-08T17:08:37.615+0200][gc,phases   ] GC(1)   Pre Evacuate Collection Set: 0.1ms
[2023-05-08T17:08:37.615+0200][gc,phases   ] GC(1)   Merge Heap Roots: 0.1ms
[2023-05-08T17:08:37.615+0200][gc,phases   ] GC(1)   Evacuate Collection Set: 3.0ms
[2023-05-08T17:08:37.615+0200][gc,phases   ] GC(1)   Post Evacuate Collection Set: 0.2ms
[2023-05-08T17:08:37.615+0200][gc,phases   ] GC(1)   Other: 0.0ms
[2023-05-08T17:08:37.615+0200][gc,heap     ] GC(1) Eden regions: 14->0(49)
[2023-05-08T17:08:37.615+0200][gc,heap     ] GC(1) Survivor regions: 7->2(7)
[2023-05-08T17:08:37.615+0200][gc,heap     ] GC(1) Old regions: 1->8
[2023-05-08T17:08:37.615+0200][gc,heap     ] GC(1) Archive regions: 2->2
[2023-05-08T17:08:37.615+0200][gc,heap     ] GC(1) Humongous regions: 129->129
[2023-05-08T17:08:37.615+0200][gc,metaspace] GC(1) Metaspace: 21326K(21504K)->21326K(21504K) NonClass: 18850K(18944K)->18850K(18944K) Class: 2475K(2560K)->2475K(2560K)
[2023-05-08T17:08:37.615+0200][gc          ] GC(1) Pause Young (Concurrent Start) (Metadata GC Threshold) 150M->138M(1024M) 3.469ms
[2023-05-08T17:08:37.615+0200][gc          ] GC(2) Concurrent Mark Cycle
[2023-05-08T17:08:37.615+0200][gc,cpu      ] GC(1) User=0.01s Sys=0.00s Real=0.00s
[2023-05-08T17:08:37.615+0200][gc,marking  ] GC(2) Concurrent Scan Root Regions
[2023-05-08T17:08:37.617+0200][gc,marking  ] GC(2) Concurrent Scan Root Regions 1.170ms
[2023-05-08T17:08:37.617+0200][gc,marking  ] GC(2) Concurrent Mark
[2023-05-08T17:08:37.617+0200][gc,marking  ] GC(2) Concurrent Mark From Roots
[2023-05-08T17:08:37.617+0200][gc,task     ] GC(2) Using 2 workers of 2 for marking
[2023-05-08T17:08:37.617+0200][gc,marking  ] GC(2) Concurrent Mark From Roots 0.575ms
[2023-05-08T17:08:37.617+0200][gc,marking  ] GC(2) Concurrent Preclean
[2023-05-08T17:08:37.617+0200][gc,marking  ] GC(2) Concurrent Preclean 0.006ms
[2023-05-08T17:08:37.617+0200][gc,start    ] GC(2) Pause Remark
[2023-05-08T17:08:37.618+0200][gc          ] GC(2) Pause Remark 139M->139M(1024M) 0.834ms
[2023-05-08T17:08:37.618+0200][gc,cpu      ] GC(2) User=0.01s Sys=0.00s Real=0.00s
[2023-05-08T17:08:37.618+0200][gc,marking  ] GC(2) Concurrent Mark 1.524ms
[2023-05-08T17:08:37.618+0200][gc,marking  ] GC(2) Concurrent Rebuild Remembered Sets and Scrub Regions
[2023-05-08T17:08:37.619+0200][gc,marking  ] GC(2) Concurrent Rebuild Remembered Sets and Scrub Regions 1.115ms
[2023-05-08T17:08:37.619+0200][gc,start    ] GC(2) Pause Cleanup
[2023-05-08T17:08:37.619+0200][gc          ] GC(2) Pause Cleanup 139M->139M(1024M) 0.076ms
[2023-05-08T17:08:37.619+0200][gc,cpu      ] GC(2) User=0.00s Sys=0.00s Real=0.00s
[2023-05-08T17:08:37.619+0200][gc,marking  ] GC(2) Concurrent Clear Claimed Marks
[2023-05-08T17:08:37.619+0200][gc,marking  ] GC(2) Concurrent Clear Claimed Marks 0.012ms
[2023-05-08T17:08:37.620+0200][gc,marking  ] GC(2) Concurrent Cleanup for Next Mark
[2023-05-08T17:08:37.621+0200][gc,marking  ] GC(2) Concurrent Cleanup for Next Mark 1.153ms
[2023-05-08T17:08:37.621+0200][gc          ] GC(2) Concurrent Mark Cycle 5.241ms
[2023-05-08T17:08:37.928+0200][gc,start    ] GC(3) Pause Young (Normal) (G1 Evacuation Pause)
[2023-05-08T17:08:37.928+0200][gc,task     ] GC(3) Using 8 workers of 8 for evacuation
[2023-05-08T17:08:37.930+0200][gc,phases   ] GC(3)   Pre Evacuate Collection Set: 0.2ms
[2023-05-08T17:08:37.930+0200][gc,phases   ] GC(3)   Merge Heap Roots: 0.0ms
[2023-05-08T17:08:37.930+0200][gc,phases   ] GC(3)   Evacuate Collection Set: 2.1ms
[2023-05-08T17:08:37.930+0200][gc,phases   ] GC(3)   Post Evacuate Collection Set: 0.4ms
[2023-05-08T17:08:37.930+0200][gc,phases   ] GC(3)   Other: 0.1ms
[2023-05-08T17:08:37.930+0200][gc,heap     ] GC(3) Eden regions: 49->0(44)
[2023-05-08T17:08:37.930+0200][gc,heap     ] GC(3) Survivor regions: 2->7(7)
[2023-05-08T17:08:37.930+0200][gc,heap     ] GC(3) Old regions: 8->8
[2023-05-08T17:08:37.930+0200][gc,heap     ] GC(3) Archive regions: 2->2
[2023-05-08T17:08:37.930+0200][gc,heap     ] GC(3) Humongous regions: 129->129
[2023-05-08T17:08:37.930+0200][gc,metaspace] GC(3) Metaspace: 33073K(33408K)->33073K(33408K) NonClass: 29507K(29696K)->29507K(29696K) Class: 3565K(3712K)->3565K(3712K)
[2023-05-08T17:08:37.930+0200][gc          ] GC(3) Pause Young (Normal) (G1 Evacuation Pause) 187M->143M(1024M) 2.879ms
[2023-05-08T17:08:37.930+0200][gc,cpu      ] GC(3) User=0.02s Sys=0.00s Real=0.01s
[2023-05-08T17:08:37.994+0200][gc,start    ] GC(4) Pause Young (Concurrent Start) (Metadata GC Threshold)
[2023-05-08T17:08:37.994+0200][gc,task     ] GC(4) Using 8 workers of 8 for evacuation
[2023-05-08T17:08:37.996+0200][gc,phases   ] GC(4)   Pre Evacuate Collection Set: 0.1ms
[2023-05-08T17:08:37.996+0200][gc,phases   ] GC(4)   Merge Heap Roots: 0.0ms
[2023-05-08T17:08:37.996+0200][gc,phases   ] GC(4)   Evacuate Collection Set: 2.2ms
[2023-05-08T17:08:37.996+0200][gc,phases   ] GC(4)   Post Evacuate Collection Set: 0.3ms
[2023-05-08T17:08:37.996+0200][gc,phases   ] GC(4)   Other: 0.0ms
[2023-05-08T17:08:37.996+0200][gc,heap     ] GC(4) Eden regions: 12->0(49)
[2023-05-08T17:08:37.996+0200][gc,heap     ] GC(4) Survivor regions: 7->2(7)
[2023-05-08T17:08:37.996+0200][gc,heap     ] GC(4) Old regions: 8->13
[2023-05-08T17:08:37.996+0200][gc,heap     ] GC(4) Archive regions: 2->2
[2023-05-08T17:08:37.996+0200][gc,heap     ] GC(4) Humongous regions: 129->129
[2023-05-08T17:08:37.996+0200][gc,metaspace] GC(4) Metaspace: 35768K(36096K)->35768K(36096K) NonClass: 31790K(32000K)->31790K(32000K) Class: 3977K(4096K)->3977K(4096K)
[2023-05-08T17:08:37.996+0200][gc          ] GC(4) Pause Young (Concurrent Start) (Metadata GC Threshold) 154M->144M(1024M) 2.774ms
[2023-05-08T17:08:37.996+0200][gc          ] GC(5) Concurrent Mark Cycle
[2023-05-08T17:08:37.996+0200][gc,cpu      ] GC(4) User=0.01s Sys=0.00s Real=0.00s
[2023-05-08T17:08:37.996+0200][gc,marking  ] GC(5) Concurrent Scan Root Regions
[2023-05-08T17:08:37.998+0200][gc,marking  ] GC(5) Concurrent Scan Root Regions 1.584ms
[2023-05-08T17:08:37.998+0200][gc,marking  ] GC(5) Concurrent Mark
[2023-05-08T17:08:37.998+0200][gc,marking  ] GC(5) Concurrent Mark From Roots
[2023-05-08T17:08:37.998+0200][gc,task     ] GC(5) Using 2 workers of 2 for marking
[2023-05-08T17:08:38.001+0200][gc,marking  ] GC(5) Concurrent Mark From Roots 2.457ms
[2023-05-08T17:08:38.001+0200][gc,marking  ] GC(5) Concurrent Preclean
[2023-05-08T17:08:38.001+0200][gc,marking  ] GC(5) Concurrent Preclean 0.017ms
[2023-05-08T17:08:38.001+0200][gc,start    ] GC(5) Pause Remark
[2023-05-08T17:08:38.002+0200][gc          ] GC(5) Pause Remark 145M->145M(1024M) 1.246ms
[2023-05-08T17:08:38.002+0200][gc,cpu      ] GC(5) User=0.01s Sys=0.00s Real=0.00s
[2023-05-08T17:08:38.002+0200][gc,marking  ] GC(5) Concurrent Mark 3.893ms
[2023-05-08T17:08:38.002+0200][gc,marking  ] GC(5) Concurrent Rebuild Remembered Sets and Scrub Regions
[2023-05-08T17:08:38.005+0200][gc,marking  ] GC(5) Concurrent Rebuild Remembered Sets and Scrub Regions 2.642ms
[2023-05-08T17:08:38.005+0200][gc,start    ] GC(5) Pause Cleanup
[2023-05-08T17:08:38.005+0200][gc          ] GC(5) Pause Cleanup 146M->146M(1024M) 0.094ms
[2023-05-08T17:08:38.005+0200][gc,cpu      ] GC(5) User=0.00s Sys=0.00s Real=0.00s
[2023-05-08T17:08:38.005+0200][gc,marking  ] GC(5) Concurrent Clear Claimed Marks
[2023-05-08T17:08:38.005+0200][gc,marking  ] GC(5) Concurrent Clear Claimed Marks 0.026ms
[2023-05-08T17:08:38.005+0200][gc,marking  ] GC(5) Concurrent Cleanup for Next Mark
[2023-05-08T17:08:38.006+0200][gc,marking  ] GC(5) Concurrent Cleanup for Next Mark 1.365ms
[2023-05-08T17:08:38.006+0200][gc          ] GC(5) Concurrent Mark Cycle 10.031ms
[2023-05-08T17:18:54.013+0200][gc,start    ] GC(6) Pause Young (Prepare Mixed) (G1 Evacuation Pause)
[2023-05-08T17:18:54.014+0200][gc,task     ] GC(6) Using 8 workers of 8 for evacuation
[2023-05-08T17:18:54.026+0200][gc,phases   ] GC(6)   Pre Evacuate Collection Set: 0.5ms
[2023-05-08T17:18:54.026+0200][gc,phases   ] GC(6)   Merge Heap Roots: 0.1ms
[2023-05-08T17:18:54.026+0200][gc,phases   ] GC(6)   Evacuate Collection Set: 10.9ms
[2023-05-08T17:18:54.026+0200][gc,phases   ] GC(6)   Post Evacuate Collection Set: 0.3ms
[2023-05-08T17:18:54.026+0200][gc,phases   ] GC(6)   Other: 0.1ms
[2023-05-08T17:18:54.026+0200][gc,heap     ] GC(6) Eden regions: 49->0(47)
[2023-05-08T17:18:54.026+0200][gc,heap     ] GC(6) Survivor regions: 2->4(7)
[2023-05-08T17:18:54.026+0200][gc,heap     ] GC(6) Old regions: 13->13
[2023-05-08T17:18:54.026+0200][gc,heap     ] GC(6) Archive regions: 2->2
[2023-05-08T17:18:54.026+0200][gc,heap     ] GC(6) Humongous regions: 129->129
[2023-05-08T17:18:54.026+0200][gc,metaspace] GC(6) Metaspace: 38835K(39360K)->38835K(39360K) NonClass: 34455K(34752K)->34455K(34752K) Class: 4379K(4608K)->4379K(4608K)
[2023-05-08T17:18:54.026+0200][gc          ] GC(6) Pause Young (Prepare Mixed) (G1 Evacuation Pause) 193M->146M(1024M) 13.460ms
[2023-05-08T17:18:54.026+0200][gc,cpu      ] GC(6) User=0.02s Sys=0.05s Real=0.01s
[2023-05-08T17:43:39.968+0200][gc,start    ] GC(7) Pause Young (Mixed) (G1 Evacuation Pause)
[2023-05-08T17:43:39.969+0200][gc,task     ] GC(7) Using 8 workers of 8 for evacuation
[2023-05-08T17:43:39.973+0200][gc,phases   ] GC(7)   Pre Evacuate Collection Set: 0.2ms
[2023-05-08T17:43:39.973+0200][gc,phases   ] GC(7)   Merge Heap Roots: 0.0ms
[2023-05-08T17:43:39.973+0200][gc,phases   ] GC(7)   Evacuate Collection Set: 3.9ms
[2023-05-08T17:43:39.973+0200][gc,phases   ] GC(7)   Post Evacuate Collection Set: 0.3ms
[2023-05-08T17:43:39.973+0200][gc,phases   ] GC(7)   Other: 0.1ms
[2023-05-08T17:43:39.973+0200][gc,heap     ] GC(7) Eden regions: 47->0(47)
[2023-05-08T17:43:39.973+0200][gc,heap     ] GC(7) Survivor regions: 4->4(7)
[2023-05-08T17:43:39.973+0200][gc,heap     ] GC(7) Old regions: 13->13
[2023-05-08T17:43:39.973+0200][gc,heap     ] GC(7) Archive regions: 2->2
[2023-05-08T17:43:39.973+0200][gc,heap     ] GC(7) Humongous regions: 129->129
[2023-05-08T17:43:39.973+0200][gc,metaspace] GC(7) Metaspace: 40044K(40512K)->40044K(40512K) NonClass: 35396K(35648K)->35396K(35648K) Class: 4647K(4864K)->4647K(4864K)
[2023-05-08T17:43:39.973+0200][gc          ] GC(7) Pause Young (Mixed) (G1 Evacuation Pause) 193M->146M(1024M) 4.828ms
[2023-05-08T17:43:39.973+0200][gc,cpu      ] GC(7) User=0.01s Sys=0.01s Real=0.01s
[2023-05-08T17:43:40.543+0200][gc,heap,exit] Heap
[2023-05-08T17:43:40.543+0200][gc,heap,exit]  garbage-first heap   total 1048576K, used 155209K [0x00000007c0000000, 0x0000000800000000)
[2023-05-08T17:43:40.543+0200][gc,heap,exit]   region size 1024K, 10 young (10240K), 4 survivors (4096K)
[2023-05-08T17:43:40.543+0200][gc,heap,exit]  Metaspace       used 40382K, committed 40960K, reserved 1114112K
[2023-05-08T17:43:40.543+0200][gc,heap,exit]   class space    used 4725K, committed 4992K, reserved 1048576K
