[2023-05-08T18:03:47.927+0200][gc,init] CardTable entry size: 512
[2023-05-08T18:03:47.927+0200][gc     ] Using G1
[2023-05-08T18:03:47.929+0200][gc,init] Version: 20+36-2344 (release)
[2023-05-08T18:03:47.929+0200][gc,init] CPUs: 8 total, 8 available
[2023-05-08T18:03:47.929+0200][gc,init] Memory: 8192M
[2023-05-08T18:03:47.929+0200][gc,init] Large Page Support: Disabled
[2023-05-08T18:03:47.929+0200][gc,init] NUMA Support: Disabled
[2023-05-08T18:03:47.929+0200][gc,init] Compressed Oops: Enabled (Zero based)
[2023-05-08T18:03:47.929+0200][gc,init] Heap Region Size: 1M
[2023-05-08T18:03:47.929+0200][gc,init] Heap Min Capacity: 1G
[2023-05-08T18:03:47.929+0200][gc,init] Heap Initial Capacity: 1G
[2023-05-08T18:03:47.929+0200][gc,init] Heap Max Capacity: 1G
[2023-05-08T18:03:47.929+0200][gc,init] Pre-touch: Disabled
[2023-05-08T18:03:47.929+0200][gc,init] Parallel Workers: 8
[2023-05-08T18:03:47.929+0200][gc,init] Concurrent Workers: 2
[2023-05-08T18:03:47.929+0200][gc,init] Concurrent Refinement Workers: 8
[2023-05-08T18:03:47.929+0200][gc,init] Periodic GC: Disabled
[2023-05-08T18:03:47.929+0200][gc,metaspace] CDS archive(s) mapped at: [0x0000000800000000-0x0000000800c6c000-0x0000000800c6c000), size 13025280, SharedBaseAddress: 0x0000000800000000, ArchiveRelocationMode: 0.
[2023-05-08T18:03:47.929+0200][gc,metaspace] Compressed class space mapped at: 0x0000000801000000-0x0000000841000000, reserved size: 1073741824
[2023-05-08T18:03:47.929+0200][gc,metaspace] Narrow klass base: 0x0000000800000000, Narrow klass shift: 0, Narrow klass range: 0x100000000
[2023-05-08T18:03:48.559+0200][gc,start    ] GC(0) Pause Young (Normal) (G1 Evacuation Pause)
[2023-05-08T18:03:48.559+0200][gc,task     ] GC(0) Using 8 workers of 8 for evacuation
[2023-05-08T18:03:48.561+0200][gc,phases   ] GC(0)   Pre Evacuate Collection Set: 0.1ms
[2023-05-08T18:03:48.561+0200][gc,phases   ] GC(0)   Merge Heap Roots: 0.0ms
[2023-05-08T18:03:48.561+0200][gc,phases   ] GC(0)   Evacuate Collection Set: 2.0ms
[2023-05-08T18:03:48.561+0200][gc,phases   ] GC(0)   Post Evacuate Collection Set: 0.2ms
[2023-05-08T18:03:48.561+0200][gc,phases   ] GC(0)   Other: 0.2ms
[2023-05-08T18:03:48.561+0200][gc,heap     ] GC(0) Eden regions: 51->0(44)
[2023-05-08T18:03:48.561+0200][gc,heap     ] GC(0) Survivor regions: 0->7(7)
[2023-05-08T18:03:48.561+0200][gc,heap     ] GC(0) Old regions: 0->1
[2023-05-08T18:03:48.561+0200][gc,heap     ] GC(0) Archive regions: 2->2
[2023-05-08T18:03:48.561+0200][gc,heap     ] GC(0) Humongous regions: 0->0
[2023-05-08T18:03:48.561+0200][gc,metaspace] GC(0) Metaspace: 18346K(18624K)->18346K(18624K) NonClass: 16242K(16384K)->16242K(16384K) Class: 2104K(2240K)->2104K(2240K)
[2023-05-08T18:03:48.561+0200][gc          ] GC(0) Pause Young (Normal) (G1 Evacuation Pause) 51M->8M(1024M) 2.742ms
[2023-05-08T18:03:48.561+0200][gc,cpu      ] GC(0) User=0.01s Sys=0.00s Real=0.01s
[2023-05-08T18:03:48.663+0200][gc,start    ] GC(1) Pause Young (Concurrent Start) (Metadata GC Threshold)
[2023-05-08T18:03:48.663+0200][gc,task     ] GC(1) Using 8 workers of 8 for evacuation
[2023-05-08T18:03:48.665+0200][gc,phases   ] GC(1)   Pre Evacuate Collection Set: 0.1ms
[2023-05-08T18:03:48.665+0200][gc,phases   ] GC(1)   Merge Heap Roots: 0.0ms
[2023-05-08T18:03:48.665+0200][gc,phases   ] GC(1)   Evacuate Collection Set: 2.2ms
[2023-05-08T18:03:48.665+0200][gc,phases   ] GC(1)   Post Evacuate Collection Set: 0.2ms
[2023-05-08T18:03:48.665+0200][gc,phases   ] GC(1)   Other: 0.0ms
[2023-05-08T18:03:48.665+0200][gc,heap     ] GC(1) Eden regions: 12->0(49)
[2023-05-08T18:03:48.665+0200][gc,heap     ] GC(1) Survivor regions: 7->2(7)
[2023-05-08T18:03:48.665+0200][gc,heap     ] GC(1) Old regions: 1->8
[2023-05-08T18:03:48.665+0200][gc,heap     ] GC(1) Archive regions: 2->2
[2023-05-08T18:03:48.665+0200][gc,heap     ] GC(1) Humongous regions: 0->0
[2023-05-08T18:03:48.665+0200][gc,metaspace] GC(1) Metaspace: 21300K(21504K)->21300K(21504K) NonClass: 18834K(18944K)->18834K(18944K) Class: 2465K(2560K)->2465K(2560K)
[2023-05-08T18:03:48.665+0200][gc          ] GC(1) Pause Young (Concurrent Start) (Metadata GC Threshold) 19M->9M(1024M) 2.760ms
[2023-05-08T18:03:48.665+0200][gc          ] GC(2) Concurrent Mark Cycle
[2023-05-08T18:03:48.665+0200][gc,cpu      ] GC(1) User=0.01s Sys=0.01s Real=0.00s
[2023-05-08T18:03:48.665+0200][gc,marking  ] GC(2) Concurrent Scan Root Regions
[2023-05-08T18:03:48.667+0200][gc,marking  ] GC(2) Concurrent Scan Root Regions 1.518ms
[2023-05-08T18:03:48.667+0200][gc,marking  ] GC(2) Concurrent Mark
[2023-05-08T18:03:48.667+0200][gc,marking  ] GC(2) Concurrent Mark From Roots
[2023-05-08T18:03:48.667+0200][gc,task     ] GC(2) Using 2 workers of 2 for marking
[2023-05-08T18:03:48.667+0200][gc,marking  ] GC(2) Concurrent Mark From Roots 0.504ms
[2023-05-08T18:03:48.667+0200][gc,marking  ] GC(2) Concurrent Preclean
[2023-05-08T18:03:48.667+0200][gc,marking  ] GC(2) Concurrent Preclean 0.006ms
[2023-05-08T18:03:48.667+0200][gc,start    ] GC(2) Pause Remark
[2023-05-08T18:03:48.669+0200][gc          ] GC(2) Pause Remark 9M->9M(1024M) 1.090ms
[2023-05-08T18:03:48.669+0200][gc,cpu      ] GC(2) User=0.01s Sys=0.00s Real=0.00s
[2023-05-08T18:03:48.669+0200][gc,marking  ] GC(2) Concurrent Mark 1.721ms
[2023-05-08T18:03:48.669+0200][gc,marking  ] GC(2) Concurrent Rebuild Remembered Sets and Scrub Regions
[2023-05-08T18:03:48.670+0200][gc,marking  ] GC(2) Concurrent Rebuild Remembered Sets and Scrub Regions 1.077ms
[2023-05-08T18:03:48.670+0200][gc,start    ] GC(2) Pause Cleanup
[2023-05-08T18:03:48.670+0200][gc          ] GC(2) Pause Cleanup 9M->9M(1024M) 0.088ms
[2023-05-08T18:03:48.670+0200][gc,cpu      ] GC(2) User=0.00s Sys=0.00s Real=0.00s
[2023-05-08T18:03:48.670+0200][gc,marking  ] GC(2) Concurrent Clear Claimed Marks
[2023-05-08T18:03:48.670+0200][gc,marking  ] GC(2) Concurrent Clear Claimed Marks 0.009ms
[2023-05-08T18:03:48.670+0200][gc,marking  ] GC(2) Concurrent Cleanup for Next Mark
[2023-05-08T18:03:48.671+0200][gc,marking  ] GC(2) Concurrent Cleanup for Next Mark 1.557ms
[2023-05-08T18:03:48.672+0200][gc          ] GC(2) Concurrent Mark Cycle 6.188ms
[2023-05-08T18:03:49.527+0200][gc,start    ] GC(3) Pause Young (Normal) (G1 Evacuation Pause)
[2023-05-08T18:03:49.527+0200][gc,task     ] GC(3) Using 8 workers of 8 for evacuation
[2023-05-08T18:03:49.530+0200][gc,phases   ] GC(3)   Pre Evacuate Collection Set: 0.1ms
[2023-05-08T18:03:49.530+0200][gc,phases   ] GC(3)   Merge Heap Roots: 0.0ms
[2023-05-08T18:03:49.530+0200][gc,phases   ] GC(3)   Evacuate Collection Set: 2.2ms
[2023-05-08T18:03:49.530+0200][gc,phases   ] GC(3)   Post Evacuate Collection Set: 0.3ms
[2023-05-08T18:03:49.530+0200][gc,phases   ] GC(3)   Other: 0.0ms
[2023-05-08T18:03:49.530+0200][gc,heap     ] GC(3) Eden regions: 49->0(46)
[2023-05-08T18:03:49.530+0200][gc,heap     ] GC(3) Survivor regions: 2->5(7)
[2023-05-08T18:03:49.530+0200][gc,heap     ] GC(3) Old regions: 8->8
[2023-05-08T18:03:49.530+0200][gc,heap     ] GC(3) Archive regions: 2->2
[2023-05-08T18:03:49.530+0200][gc,heap     ] GC(3) Humongous regions: 129->129
[2023-05-08T18:03:49.530+0200][gc,metaspace] GC(3) Metaspace: 29737K(30080K)->29737K(30080K) NonClass: 26461K(26624K)->26461K(26624K) Class: 3276K(3456K)->3276K(3456K)
[2023-05-08T18:03:49.530+0200][gc          ] GC(3) Pause Young (Normal) (G1 Evacuation Pause) 187M->141M(1024M) 2.798ms
[2023-05-08T18:03:49.530+0200][gc,cpu      ] GC(3) User=0.02s Sys=0.00s Real=0.01s
[2023-05-08T18:03:49.679+0200][gc,start    ] GC(4) Pause Young (Concurrent Start) (Metadata GC Threshold)
[2023-05-08T18:03:49.679+0200][gc,task     ] GC(4) Using 8 workers of 8 for evacuation
[2023-05-08T18:03:49.682+0200][gc,phases   ] GC(4)   Pre Evacuate Collection Set: 0.1ms
[2023-05-08T18:03:49.682+0200][gc,phases   ] GC(4)   Merge Heap Roots: 0.0ms
[2023-05-08T18:03:49.682+0200][gc,phases   ] GC(4)   Evacuate Collection Set: 2.3ms
[2023-05-08T18:03:49.682+0200][gc,phases   ] GC(4)   Post Evacuate Collection Set: 0.6ms
[2023-05-08T18:03:49.682+0200][gc,phases   ] GC(4)   Other: 0.0ms
[2023-05-08T18:03:49.682+0200][gc,heap     ] GC(4) Eden regions: 26->0(48)
[2023-05-08T18:03:49.682+0200][gc,heap     ] GC(4) Survivor regions: 5->3(7)
[2023-05-08T18:03:49.682+0200][gc,heap     ] GC(4) Old regions: 8->13
[2023-05-08T18:03:49.682+0200][gc,heap     ] GC(4) Archive regions: 2->2
[2023-05-08T18:03:49.682+0200][gc,heap     ] GC(4) Humongous regions: 129->129
[2023-05-08T18:03:49.682+0200][gc,metaspace] GC(4) Metaspace: 35680K(35968K)->35680K(35968K) NonClass: 31833K(32000K)->31833K(32000K) Class: 3846K(3968K)->3846K(3968K)
[2023-05-08T18:03:49.682+0200][gc          ] GC(4) Pause Young (Concurrent Start) (Metadata GC Threshold) 167M->144M(1024M) 3.262ms
[2023-05-08T18:03:49.682+0200][gc          ] GC(5) Concurrent Mark Cycle
[2023-05-08T18:03:49.682+0200][gc,cpu      ] GC(4) User=0.02s Sys=0.00s Real=0.01s
[2023-05-08T18:03:49.682+0200][gc,marking  ] GC(5) Concurrent Scan Root Regions
[2023-05-08T18:03:49.684+0200][gc,marking  ] GC(5) Concurrent Scan Root Regions 2.173ms
[2023-05-08T18:03:49.684+0200][gc,marking  ] GC(5) Concurrent Mark
[2023-05-08T18:03:49.684+0200][gc,marking  ] GC(5) Concurrent Mark From Roots
[2023-05-08T18:03:49.684+0200][gc,task     ] GC(5) Using 2 workers of 2 for marking
[2023-05-08T18:03:49.687+0200][gc,marking  ] GC(5) Concurrent Mark From Roots 2.980ms
[2023-05-08T18:03:49.687+0200][gc,marking  ] GC(5) Concurrent Preclean
[2023-05-08T18:03:49.687+0200][gc,marking  ] GC(5) Concurrent Preclean 0.053ms
[2023-05-08T18:03:49.687+0200][gc,start    ] GC(5) Pause Remark
[2023-05-08T18:03:49.689+0200][gc          ] GC(5) Pause Remark 146M->146M(1024M) 1.162ms
[2023-05-08T18:03:49.689+0200][gc,cpu      ] GC(5) User=0.01s Sys=0.00s Real=0.00s
[2023-05-08T18:03:49.689+0200][gc,marking  ] GC(5) Concurrent Mark 4.488ms
[2023-05-08T18:03:49.689+0200][gc,marking  ] GC(5) Concurrent Rebuild Remembered Sets and Scrub Regions
[2023-05-08T18:03:49.691+0200][gc,marking  ] GC(5) Concurrent Rebuild Remembered Sets and Scrub Regions 2.291ms
[2023-05-08T18:03:49.691+0200][gc,start    ] GC(5) Pause Cleanup
[2023-05-08T18:03:49.691+0200][gc          ] GC(5) Pause Cleanup 146M->146M(1024M) 0.071ms
[2023-05-08T18:03:49.691+0200][gc,cpu      ] GC(5) User=0.00s Sys=0.00s Real=0.00s
[2023-05-08T18:03:49.691+0200][gc,marking  ] GC(5) Concurrent Clear Claimed Marks
[2023-05-08T18:03:49.691+0200][gc,marking  ] GC(5) Concurrent Clear Claimed Marks 0.018ms
[2023-05-08T18:03:49.691+0200][gc,marking  ] GC(5) Concurrent Cleanup for Next Mark
[2023-05-08T18:03:49.692+0200][gc,marking  ] GC(5) Concurrent Cleanup for Next Mark 1.067ms
[2023-05-08T18:03:49.692+0200][gc          ] GC(5) Concurrent Mark Cycle 10.365ms
[2023-05-08T18:06:48.255+0200][gc,heap,exit] Heap
[2023-05-08T18:06:48.255+0200][gc,heap,exit]  garbage-first heap   total 1048576K, used 190688K [0x00000007c0000000, 0x0000000800000000)
[2023-05-08T18:06:48.255+0200][gc,heap,exit]   region size 1024K, 45 young (46080K), 3 survivors (3072K)
[2023-05-08T18:06:48.255+0200][gc,heap,exit]  Metaspace       used 40254K, committed 40832K, reserved 1114112K
[2023-05-08T18:06:48.255+0200][gc,heap,exit]   class space    used 4721K, committed 4992K, reserved 1048576K
