[2023-05-08T18:01:13.010+0200][gc,init] CardTable entry size: 512
[2023-05-08T18:01:13.010+0200][gc     ] Using G1
[2023-05-08T18:01:13.011+0200][gc,init] Version: 20+36-2344 (release)
[2023-05-08T18:01:13.011+0200][gc,init] CPUs: 8 total, 8 available
[2023-05-08T18:01:13.011+0200][gc,init] Memory: 8192M
[2023-05-08T18:01:13.011+0200][gc,init] Large Page Support: Disabled
[2023-05-08T18:01:13.011+0200][gc,init] NUMA Support: Disabled
[2023-05-08T18:01:13.011+0200][gc,init] Compressed Oops: Enabled (Zero based)
[2023-05-08T18:01:13.011+0200][gc,init] Heap Region Size: 1M
[2023-05-08T18:01:13.011+0200][gc,init] Heap Min Capacity: 1G
[2023-05-08T18:01:13.011+0200][gc,init] Heap Initial Capacity: 1G
[2023-05-08T18:01:13.011+0200][gc,init] Heap Max Capacity: 1G
[2023-05-08T18:01:13.011+0200][gc,init] Pre-touch: Disabled
[2023-05-08T18:01:13.011+0200][gc,init] Parallel Workers: 8
[2023-05-08T18:01:13.011+0200][gc,init] Concurrent Workers: 2
[2023-05-08T18:01:13.011+0200][gc,init] Concurrent Refinement Workers: 8
[2023-05-08T18:01:13.011+0200][gc,init] Periodic GC: Disabled
[2023-05-08T18:01:13.012+0200][gc,metaspace] CDS archive(s) mapped at: [0x0000000800000000-0x0000000800c6c000-0x0000000800c6c000), size 13025280, SharedBaseAddress: 0x0000000800000000, ArchiveRelocationMode: 0.
[2023-05-08T18:01:13.012+0200][gc,metaspace] Compressed class space mapped at: 0x0000000801000000-0x0000000841000000, reserved size: 1073741824
[2023-05-08T18:01:13.012+0200][gc,metaspace] Narrow klass base: 0x0000000800000000, Narrow klass shift: 0, Narrow klass range: 0x100000000
[2023-05-08T18:01:13.619+0200][gc,start    ] GC(0) Pause Young (Normal) (G1 Evacuation Pause)
[2023-05-08T18:01:13.619+0200][gc,task     ] GC(0) Using 8 workers of 8 for evacuation
[2023-05-08T18:01:13.621+0200][gc,phases   ] GC(0)   Pre Evacuate Collection Set: 0.1ms
[2023-05-08T18:01:13.621+0200][gc,phases   ] GC(0)   Merge Heap Roots: 0.0ms
[2023-05-08T18:01:13.621+0200][gc,phases   ] GC(0)   Evacuate Collection Set: 1.8ms
[2023-05-08T18:01:13.621+0200][gc,phases   ] GC(0)   Post Evacuate Collection Set: 0.3ms
[2023-05-08T18:01:13.621+0200][gc,phases   ] GC(0)   Other: 0.2ms
[2023-05-08T18:01:13.621+0200][gc,heap     ] GC(0) Eden regions: 51->0(44)
[2023-05-08T18:01:13.621+0200][gc,heap     ] GC(0) Survivor regions: 0->7(7)
[2023-05-08T18:01:13.621+0200][gc,heap     ] GC(0) Old regions: 0->1
[2023-05-08T18:01:13.621+0200][gc,heap     ] GC(0) Archive regions: 2->2
[2023-05-08T18:01:13.622+0200][gc,heap     ] GC(0) Humongous regions: 0->0
[2023-05-08T18:01:13.622+0200][gc,metaspace] GC(0) Metaspace: 18165K(18432K)->18165K(18432K) NonClass: 16089K(16256K)->16089K(16256K) Class: 2076K(2176K)->2076K(2176K)
[2023-05-08T18:01:13.622+0200][gc          ] GC(0) Pause Young (Normal) (G1 Evacuation Pause) 51M->8M(1024M) 2.576ms
[2023-05-08T18:01:13.622+0200][gc,cpu      ] GC(0) User=0.02s Sys=0.00s Real=0.01s
[2023-05-08T18:01:13.728+0200][gc,start    ] GC(1) Pause Young (Concurrent Start) (Metadata GC Threshold)
[2023-05-08T18:01:13.728+0200][gc,task     ] GC(1) Using 8 workers of 8 for evacuation
[2023-05-08T18:01:13.731+0200][gc,phases   ] GC(1)   Pre Evacuate Collection Set: 0.2ms
[2023-05-08T18:01:13.731+0200][gc,phases   ] GC(1)   Merge Heap Roots: 0.0ms
[2023-05-08T18:01:13.731+0200][gc,phases   ] GC(1)   Evacuate Collection Set: 2.3ms
[2023-05-08T18:01:13.731+0200][gc,phases   ] GC(1)   Post Evacuate Collection Set: 0.2ms
[2023-05-08T18:01:13.731+0200][gc,phases   ] GC(1)   Other: 0.0ms
[2023-05-08T18:01:13.731+0200][gc,heap     ] GC(1) Eden regions: 13->0(49)
[2023-05-08T18:01:13.731+0200][gc,heap     ] GC(1) Survivor regions: 7->2(7)
[2023-05-08T18:01:13.731+0200][gc,heap     ] GC(1) Old regions: 1->8
[2023-05-08T18:01:13.731+0200][gc,heap     ] GC(1) Archive regions: 2->2
[2023-05-08T18:01:13.731+0200][gc,heap     ] GC(1) Humongous regions: 0->0
[2023-05-08T18:01:13.731+0200][gc,metaspace] GC(1) Metaspace: 21334K(21504K)->21334K(21504K) NonClass: 18858K(18944K)->18858K(18944K) Class: 2476K(2560K)->2476K(2560K)
[2023-05-08T18:01:13.731+0200][gc          ] GC(1) Pause Young (Concurrent Start) (Metadata GC Threshold) 20M->9M(1024M) 2.872ms
[2023-05-08T18:01:13.731+0200][gc          ] GC(2) Concurrent Mark Cycle
[2023-05-08T18:01:13.731+0200][gc,cpu      ] GC(1) User=0.01s Sys=0.00s Real=0.01s
[2023-05-08T18:01:13.731+0200][gc,marking  ] GC(2) Concurrent Scan Root Regions
[2023-05-08T18:01:13.732+0200][gc,marking  ] GC(2) Concurrent Scan Root Regions 1.232ms
[2023-05-08T18:01:13.732+0200][gc,marking  ] GC(2) Concurrent Mark
[2023-05-08T18:01:13.732+0200][gc,marking  ] GC(2) Concurrent Mark From Roots
[2023-05-08T18:01:13.732+0200][gc,task     ] GC(2) Using 2 workers of 2 for marking
[2023-05-08T18:01:13.733+0200][gc,marking  ] GC(2) Concurrent Mark From Roots 0.348ms
[2023-05-08T18:01:13.733+0200][gc,marking  ] GC(2) Concurrent Preclean
[2023-05-08T18:01:13.733+0200][gc,marking  ] GC(2) Concurrent Preclean 0.005ms
[2023-05-08T18:01:13.733+0200][gc,start    ] GC(2) Pause Remark
[2023-05-08T18:01:13.734+0200][gc          ] GC(2) Pause Remark 9M->9M(1024M) 0.875ms
[2023-05-08T18:01:13.734+0200][gc,cpu      ] GC(2) User=0.00s Sys=0.01s Real=0.00s
[2023-05-08T18:01:13.734+0200][gc,marking  ] GC(2) Concurrent Mark 1.535ms
[2023-05-08T18:01:13.734+0200][gc,marking  ] GC(2) Concurrent Rebuild Remembered Sets and Scrub Regions
[2023-05-08T18:01:13.735+0200][gc,marking  ] GC(2) Concurrent Rebuild Remembered Sets and Scrub Regions 1.505ms
[2023-05-08T18:01:13.736+0200][gc,start    ] GC(2) Pause Cleanup
[2023-05-08T18:01:13.736+0200][gc          ] GC(2) Pause Cleanup 10M->10M(1024M) 0.062ms
[2023-05-08T18:01:13.736+0200][gc,cpu      ] GC(2) User=0.00s Sys=0.00s Real=0.00s
[2023-05-08T18:01:13.736+0200][gc,marking  ] GC(2) Concurrent Clear Claimed Marks
[2023-05-08T18:01:13.736+0200][gc,marking  ] GC(2) Concurrent Clear Claimed Marks 0.016ms
[2023-05-08T18:01:13.736+0200][gc,marking  ] GC(2) Concurrent Cleanup for Next Mark
[2023-05-08T18:01:13.737+0200][gc,marking  ] GC(2) Concurrent Cleanup for Next Mark 1.467ms
[2023-05-08T18:01:13.737+0200][gc          ] GC(2) Concurrent Mark Cycle 6.005ms
[2023-05-08T18:01:14.525+0200][gc,start    ] GC(3) Pause Young (Normal) (G1 Evacuation Pause)
[2023-05-08T18:01:14.525+0200][gc,task     ] GC(3) Using 8 workers of 8 for evacuation
[2023-05-08T18:01:14.527+0200][gc,phases   ] GC(3)   Pre Evacuate Collection Set: 0.1ms
[2023-05-08T18:01:14.527+0200][gc,phases   ] GC(3)   Merge Heap Roots: 0.0ms
[2023-05-08T18:01:14.527+0200][gc,phases   ] GC(3)   Evacuate Collection Set: 2.2ms
[2023-05-08T18:01:14.528+0200][gc,phases   ] GC(3)   Post Evacuate Collection Set: 0.3ms
[2023-05-08T18:01:14.528+0200][gc,phases   ] GC(3)   Other: 0.0ms
[2023-05-08T18:01:14.528+0200][gc,heap     ] GC(3) Eden regions: 49->0(45)
[2023-05-08T18:01:14.528+0200][gc,heap     ] GC(3) Survivor regions: 2->6(7)
[2023-05-08T18:01:14.528+0200][gc,heap     ] GC(3) Old regions: 8->8
[2023-05-08T18:01:14.528+0200][gc,heap     ] GC(3) Archive regions: 2->2
[2023-05-08T18:01:14.528+0200][gc,heap     ] GC(3) Humongous regions: 129->129
[2023-05-08T18:01:14.528+0200][gc,metaspace] GC(3) Metaspace: 29731K(30080K)->29731K(30080K) NonClass: 26456K(26624K)->26456K(26624K) Class: 3275K(3456K)->3275K(3456K)
[2023-05-08T18:01:14.528+0200][gc          ] GC(3) Pause Young (Normal) (G1 Evacuation Pause) 187M->142M(1024M) 2.790ms
[2023-05-08T18:01:14.528+0200][gc,cpu      ] GC(3) User=0.02s Sys=0.00s Real=0.00s
[2023-05-08T18:01:15.153+0200][gc,heap,exit] Heap
[2023-05-08T18:01:15.153+0200][gc,heap,exit]  garbage-first heap   total 1048576K, used 160664K [0x00000007c0000000, 0x0000000800000000)
[2023-05-08T18:01:15.153+0200][gc,heap,exit]   region size 1024K, 21 young (21504K), 6 survivors (6144K)
[2023-05-08T18:01:15.153+0200][gc,heap,exit]  Metaspace       used 32113K, committed 32448K, reserved 1114112K
[2023-05-08T18:01:15.153+0200][gc,heap,exit]   class space    used 3604K, committed 3776K, reserved 1048576K
