[2023-05-09T15:56:38.693+0200][gc,init] CardTable entry size: 512
[2023-05-09T15:56:38.693+0200][gc     ] Using G1
[2023-05-09T15:56:38.694+0200][gc,init] Version: 20+36-2344 (release)
[2023-05-09T15:56:38.694+0200][gc,init] CPUs: 8 total, 8 available
[2023-05-09T15:56:38.694+0200][gc,init] Memory: 8192M
[2023-05-09T15:56:38.694+0200][gc,init] Large Page Support: Disabled
[2023-05-09T15:56:38.694+0200][gc,init] NUMA Support: Disabled
[2023-05-09T15:56:38.694+0200][gc,init] Compressed Oops: Enabled (Zero based)
[2023-05-09T15:56:38.694+0200][gc,init] Heap Region Size: 1M
[2023-05-09T15:56:38.694+0200][gc,init] Heap Min Capacity: 512M
[2023-05-09T15:56:38.694+0200][gc,init] Heap Initial Capacity: 512M
[2023-05-09T15:56:38.694+0200][gc,init] Heap Max Capacity: 512M
[2023-05-09T15:56:38.694+0200][gc,init] Pre-touch: Disabled
[2023-05-09T15:56:38.694+0200][gc,init] Parallel Workers: 8
[2023-05-09T15:56:38.694+0200][gc,init] Concurrent Workers: 2
[2023-05-09T15:56:38.694+0200][gc,init] Concurrent Refinement Workers: 8
[2023-05-09T15:56:38.694+0200][gc,init] Periodic GC: Disabled
[2023-05-09T15:56:38.694+0200][gc,metaspace] CDS archive(s) mapped at: [0x0000000800000000-0x0000000800c6c000-0x0000000800c6c000), size 13025280, SharedBaseAddress: 0x0000000800000000, ArchiveRelocationMode: 0.
[2023-05-09T15:56:38.694+0200][gc,metaspace] Compressed class space mapped at: 0x0000000801000000-0x0000000841000000, reserved size: 1073741824
[2023-05-09T15:56:38.694+0200][gc,metaspace] Narrow klass base: 0x0000000800000000, Narrow klass shift: 0, Narrow klass range: 0x100000000
[2023-05-09T15:56:38.966+0200][gc,heap,exit] Heap
[2023-05-09T15:56:38.966+0200][gc,heap,exit]  garbage-first heap   total 524288K, used 21472K [0x00000007e0000000, 0x0000000800000000)
[2023-05-09T15:56:38.966+0200][gc,heap,exit]   region size 1024K, 20 young (20480K), 0 survivors (0K)
[2023-05-09T15:56:38.966+0200][gc,heap,exit]  Metaspace       used 7403K, committed 7616K, reserved 1114112K
[2023-05-09T15:56:38.966+0200][gc,heap,exit]   class space    used 801K, committed 896K, reserved 1048576K
