[2023-05-04T11:11:16.537+0200][gc,init] CardTable entry size: 512
[2023-05-04T11:11:16.537+0200][gc     ] Using G1
[2023-05-04T11:11:16.538+0200][gc,init] Version: 20+36-2344 (release)
[2023-05-04T11:11:16.538+0200][gc,init] CPUs: 8 total, 8 available
[2023-05-04T11:11:16.538+0200][gc,init] Memory: 8192M
[2023-05-04T11:11:16.538+0200][gc,init] Large Page Support: Disabled
[2023-05-04T11:11:16.538+0200][gc,init] NUMA Support: Disabled
[2023-05-04T11:11:16.538+0200][gc,init] Compressed Oops: Enabled (Zero based)
[2023-05-04T11:11:16.538+0200][gc,init] Heap Region Size: 1M
[2023-05-04T11:11:16.538+0200][gc,init] Heap Min Capacity: 512M
[2023-05-04T11:11:16.538+0200][gc,init] Heap Initial Capacity: 512M
[2023-05-04T11:11:16.538+0200][gc,init] Heap Max Capacity: 512M
[2023-05-04T11:11:16.538+0200][gc,init] Pre-touch: Disabled
[2023-05-04T11:11:16.538+0200][gc,init] Parallel Workers: 8
[2023-05-04T11:11:16.538+0200][gc,init] Concurrent Workers: 2
[2023-05-04T11:11:16.538+0200][gc,init] Concurrent Refinement Workers: 8
[2023-05-04T11:11:16.538+0200][gc,init] Periodic GC: Disabled
[2023-05-04T11:11:16.538+0200][gc,metaspace] CDS archive(s) mapped at: [0x0000000800000000-0x0000000800c6c000-0x0000000800c6c000), size 13025280, SharedBaseAddress: 0x0000000800000000, ArchiveRelocationMode: 0.
[2023-05-04T11:11:16.538+0200][gc,metaspace] Compressed class space mapped at: 0x0000000801000000-0x0000000841000000, reserved size: 1073741824
[2023-05-04T11:11:16.538+0200][gc,metaspace] Narrow klass base: 0x0000000800000000, Narrow klass shift: 0, Narrow klass range: 0x100000000
[2023-05-04T11:11:19.238+0200][gc,start    ] GC(0) Pause Young (Normal) (G1 Evacuation Pause)
[2023-05-04T11:11:19.238+0200][gc,task     ] GC(0) Using 8 workers of 8 for evacuation
[2023-05-04T11:11:19.244+0200][gc,phases   ] GC(0)   Pre Evacuate Collection Set: 0.2ms
[2023-05-04T11:11:19.244+0200][gc,phases   ] GC(0)   Merge Heap Roots: 0.0ms
[2023-05-04T11:11:19.244+0200][gc,phases   ] GC(0)   Evacuate Collection Set: 5.0ms
[2023-05-04T11:11:19.244+0200][gc,phases   ] GC(0)   Post Evacuate Collection Set: 0.3ms
[2023-05-04T11:11:19.244+0200][gc,phases   ] GC(0)   Other: 0.3ms
[2023-05-04T11:11:19.244+0200][gc,heap     ] GC(0) Eden regions: 25->0(21)
[2023-05-04T11:11:19.244+0200][gc,heap     ] GC(0) Survivor regions: 0->4(4)
[2023-05-04T11:11:19.244+0200][gc,heap     ] GC(0) Old regions: 0->4
[2023-05-04T11:11:19.244+0200][gc,heap     ] GC(0) Archive regions: 2->2
[2023-05-04T11:11:19.244+0200][gc,heap     ] GC(0) Humongous regions: 0->0
[2023-05-04T11:11:19.244+0200][gc,metaspace] GC(0) Metaspace: 8249K(8512K)->8249K(8512K) NonClass: 7352K(7488K)->7352K(7488K) Class: 897K(1024K)->897K(1024K)
[2023-05-04T11:11:19.244+0200][gc          ] GC(0) Pause Young (Normal) (G1 Evacuation Pause) 25M->8M(512M) 6.070ms
[2023-05-04T11:11:19.244+0200][gc,cpu      ] GC(0) User=0.01s Sys=0.02s Real=0.01s
[2023-05-04T11:17:23.258+0200][gc,heap,exit] Heap
[2023-05-04T11:17:23.258+0200][gc,heap,exit]  garbage-first heap   total 524288K, used 10310K [0x00000007e0000000, 0x0000000800000000)
[2023-05-04T11:17:23.258+0200][gc,heap,exit]   region size 1024K, 6 young (6144K), 4 survivors (4096K)
[2023-05-04T11:17:23.258+0200][gc,heap,exit]  Metaspace       used 8257K, committed 8512K, reserved 1114112K
[2023-05-04T11:17:23.258+0200][gc,heap,exit]   class space    used 898K, committed 1024K, reserved 1048576K
